../Core/Src/main.c:41:1:__io_putchar	16	static
../Core/Src/main.c:51:5:main	8	static
../Core/Src/main.c:85:6:SystemClock_Config	88	static
../Core/Src/main.c:135:13:MX_USART2_UART_Init	8	static
../Core/Src/main.c:159:13:MX_DMA_Init	16	static
../Core/Src/main.c:172:6:UserDataTreatment	32	static
../Core/Src/main.c:186:6:toInt	32	static
../Core/Src/main.c:199:6:tostring	32	static
../Core/Src/main.c:246:15:tinysh_dec	24	static
../Core/Src/main.c:281:13:vShell_cmdParse	56	static
../Core/Src/main.c:398:6:read_header	184	static
../Core/Src/main.c:411:6:uartProcessing	16	static
../Core/Src/main.c:422:6:Error_Handler	4	static
