../Core/Src/stm32f4xx_it.c:56:6:NMI_Handler	4	static
../Core/Src/stm32f4xx_it.c:71:6:HardFault_Handler	4	static
../Core/Src/stm32f4xx_it.c:86:6:MemManage_Handler	4	static
../Core/Src/stm32f4xx_it.c:101:6:BusFault_Handler	4	static
../Core/Src/stm32f4xx_it.c:116:6:UsageFault_Handler	4	static
../Core/Src/stm32f4xx_it.c:131:6:SVC_Handler	4	static
../Core/Src/stm32f4xx_it.c:144:6:DebugMon_Handler	4	static
../Core/Src/stm32f4xx_it.c:157:6:PendSV_Handler	4	static
../Core/Src/stm32f4xx_it.c:170:6:SysTick_Handler	8	static
../Core/Src/stm32f4xx_it.c:181:6:DMA1_Stream5_IRQHandler	8	static
../Core/Src/stm32f4xx_it.c:196:6:USART2_IRQHandler	8	static
