../Core/Src/main.c:40:1:__io_putchar	16	static
../Core/Src/main.c:107:5:main	16	static
../Core/Src/main.c:401:6:HAL_I2C_SlaveTxCpltCallback	16	static
../Core/Src/main.c:417:6:HAL_I2C_SlaveRxCpltCallback	16	static
../Core/Src/main.c:426:6:HAL_I2C_ErrorCallback	16	static
../Core/Src/main.c:441:17:Buffercmp	32	static
../Core/Src/main.c:454:6:SystemClock_Config	88	static
../Core/Src/main.c:493:13:MX_USART2_UART_Init	8	static
../Core/Src/main.c:515:13:MX_DMA_Init	16	static
../Core/Src/main.c:523:13:MX_GPIO_Init	48	static
../Core/Src/main.c:550:6:tinysh_dec	24	static
../Core/Src/main.c:585:6:copyValue	32	static
../Core/Src/main.c:594:13:vShell_cmdParse	64	static
../Core/Src/main.c:701:6:uartProcessing	16	static
../Core/Src/main.c:711:13:vUAFE_uart_handle	24	static
../Core/Src/main.c:760:6:HAL_UARTEx_RxEventCallback	16	static
../Core/Src/main.c:776:6:Error_Handler	8	static,ignoring_inline_asm
