../Core/Src/main.c:33:1:__io_putchar	16	static
../Core/Src/main.c:85:5:main	80	static
../Core/Src/main.c:400:6:HAL_I2C_MasterTxCpltCallback	16	static
../Core/Src/main.c:419:6:HAL_I2C_MasterRxCpltCallback	16	static
../Core/Src/main.c:433:6:HAL_I2C_ErrorCallback	16	static
../Core/Src/main.c:448:17:Buffercmp	32	static
../Core/Src/main.c:460:6:MoveBufferToRes	32	static
../Core/Src/main.c:466:6:MoveResToBuffer	32	static
../Core/Src/main.c:472:6:copyValue	32	static
../Core/Src/main.c:479:6:SystemClock_Config	88	static
../Core/Src/main.c:518:13:MX_USART2_UART_Init	8	static
../Core/Src/main.c:540:13:MX_DMA_Init	16	static
../Core/Src/main.c:548:13:MX_GPIO_Init	48	static
../Core/Src/main.c:591:6:tinysh_dec	24	static
../Core/Src/main.c:623:13:vShell_cmdParse	64	static
../Core/Src/main.c:735:6:uartProcessing	16	static
../Core/Src/main.c:745:13:vUAFE_uart_handle	24	static
../Core/Src/main.c:794:6:HAL_UARTEx_RxEventCallback	16	static
../Core/Src/main.c:822:6:Error_Handler	8	static,ignoring_inline_asm
