../Core/Src/main.c:31:1:__io_putchar	16	static
../Core/Src/main.c:83:5:main	80	static
../Core/Src/main.c:391:6:HAL_I2C_MasterTxCpltCallback	16	static
../Core/Src/main.c:410:6:HAL_I2C_MasterRxCpltCallback	16	static
../Core/Src/main.c:424:6:HAL_I2C_ErrorCallback	16	static
../Core/Src/main.c:439:17:Buffercmp	32	static
../Core/Src/main.c:451:6:MoveBufferToRes	32	static
../Core/Src/main.c:457:6:MoveResToBuffer	32	static
../Core/Src/main.c:463:6:copyValue	32	static
../Core/Src/main.c:470:6:SystemClock_Config	88	static
../Core/Src/main.c:509:13:MX_USART2_UART_Init	8	static
../Core/Src/main.c:531:13:MX_DMA_Init	16	static
../Core/Src/main.c:539:13:MX_GPIO_Init	48	static
../Core/Src/main.c:582:6:tinysh_dec	24	static
../Core/Src/main.c:614:13:vShell_cmdParse	64	static
../Core/Src/main.c:722:6:uartProcessing	16	static
../Core/Src/main.c:732:13:vUAFE_uart_handle	24	static
../Core/Src/main.c:781:6:HAL_UARTEx_RxEventCallback	16	static
../Core/Src/main.c:809:6:Error_Handler	8	static,ignoring_inline_asm
