../Core/Src/main.c:42:1:__io_putchar	16	static
../Core/Src/main.c:95:5:main	200	static
../Core/Src/main.c:467:6:HAL_I2C_MasterTxCpltCallback	16	static
../Core/Src/main.c:483:6:HAL_I2C_MasterRxCpltCallback	16	static
../Core/Src/main.c:496:6:HAL_I2C_ErrorCallback	16	static
../Core/Src/main.c:505:6:SystemClock_Config	88	static
../Core/Src/main.c:544:13:MX_USART2_UART_Init	8	static
../Core/Src/main.c:566:13:MX_DMA_Init	16	static
../Core/Src/main.c:574:13:MX_GPIO_Init	48	static
../Core/Src/main.c:597:6:uartProcessing	16	static
../Core/Src/main.c:605:13:vUAFE_uart_handle	24	static
../Core/Src/main.c:654:6:HAL_UARTEx_RxEventCallback	16	static
../Core/Src/main.c:670:6:Error_Handler	8	static,ignoring_inline_asm
