../Core/Src/stm32f4xx_it.c:55:6:NMI_Handler	4	static
../Core/Src/stm32f4xx_it.c:65:6:HardFault_Handler	4	static
../Core/Src/stm32f4xx_it.c:76:6:MemManage_Handler	4	static
../Core/Src/stm32f4xx_it.c:87:6:BusFault_Handler	4	static
../Core/Src/stm32f4xx_it.c:98:6:UsageFault_Handler	4	static
../Core/Src/stm32f4xx_it.c:109:6:SVC_Handler	4	static
../Core/Src/stm32f4xx_it.c:117:6:DebugMon_Handler	4	static
../Core/Src/stm32f4xx_it.c:125:6:PendSV_Handler	4	static
../Core/Src/stm32f4xx_it.c:133:6:SysTick_Handler	8	static
../Core/Src/stm32f4xx_it.c:148:6:DMA1_Stream5_IRQHandler	8	static
../Core/Src/stm32f4xx_it.c:157:6:USART2_IRQHandler	8	static
../Core/Src/stm32f4xx_it.c:170:6:I2C1_EV_IRQHandler	8	static
../Core/Src/stm32f4xx_it.c:181:6:I2C1_ER_IRQHandler	8	static
