../Core/Src/main.c:41:1:__io_putchar	16	static
../Core/Src/main.c:88:5:main	144	static
../Core/Src/main.c:323:6:HAL_I2C_MasterTxCpltCallback	16	static
../Core/Src/main.c:339:6:HAL_I2C_MasterRxCpltCallback	16	static
../Core/Src/main.c:352:6:HAL_I2C_ErrorCallback	16	static
../Core/Src/main.c:361:6:SystemClock_Config	88	static
../Core/Src/main.c:400:13:MX_USART2_UART_Init	8	static
../Core/Src/main.c:422:13:MX_DMA_Init	16	static
../Core/Src/main.c:430:13:MX_GPIO_Init	48	static
../Core/Src/main.c:453:6:uartProcessing	16	static
../Core/Src/main.c:461:13:vUAFE_uart_handle	24	static
../Core/Src/main.c:510:6:HAL_UARTEx_RxEventCallback	16	static
../Core/Src/main.c:526:6:Error_Handler	8	static,ignoring_inline_asm
