../Core/Src/main.c:32:1:__io_putchar	16	static
../Core/Src/main.c:65:5:main	80	static
../Core/Src/main.c:249:6:HAL_I2C_MasterTxCpltCallback	16	static
../Core/Src/main.c:268:6:HAL_I2C_MasterRxCpltCallback	16	static
../Core/Src/main.c:282:6:HAL_I2C_ErrorCallback	16	static
../Core/Src/main.c:297:17:Buffercmp	24	static
../Core/Src/main.c:312:6:SystemClock_Config	88	static
../Core/Src/main.c:351:13:MX_USART2_UART_Init	8	static
../Core/Src/main.c:373:13:MX_DMA_Init	16	static
../Core/Src/main.c:381:13:MX_GPIO_Init	48	static
../Core/Src/main.c:426:6:tinysh_dec	24	static
../Core/Src/main.c:458:13:vShell_cmdParse	64	static
../Core/Src/main.c:528:6:read_header	184	static
../Core/Src/main.c:539:6:uartProcessing	16	static
../Core/Src/main.c:549:13:vUAFE_uart_handle	24	static
../Core/Src/main.c:598:6:HAL_UARTEx_RxEventCallback	16	static
../Core/Src/main.c:626:6:Error_Handler	8	static,ignoring_inline_asm
