../Core/Src/main.c:31:1:__io_putchar	16	static
../Core/Src/main.c:62:5:main	8	static
../Core/Src/main.c:219:6:HAL_I2C_MasterTxCpltCallback	16	static
../Core/Src/main.c:238:6:HAL_I2C_MasterRxCpltCallback	16	static
../Core/Src/main.c:252:6:HAL_I2C_ErrorCallback	16	static
../Core/Src/main.c:267:17:Buffercmp	24	static
../Core/Src/main.c:282:6:SystemClock_Config	88	static
../Core/Src/main.c:321:13:MX_USART2_UART_Init	8	static
../Core/Src/main.c:343:13:MX_DMA_Init	16	static
../Core/Src/main.c:351:13:MX_GPIO_Init	48	static
../Core/Src/main.c:391:13:vShell_cmdParse	40	static
../Core/Src/main.c:426:6:uartProcessing	16	static
../Core/Src/main.c:436:13:vUAFE_uart_handle	24	static
../Core/Src/main.c:485:6:HAL_UARTEx_RxEventCallback	16	static
../Core/Src/main.c:501:6:HAL_GPIO_EXTI_Callback	16	static
../Core/Src/main.c:513:6:Error_Handler	8	static,ignoring_inline_asm
