../Core/Src/main.c:40:1:__io_putchar	16	static
../Core/Src/main.c:85:5:main	144	static
../Core/Src/main.c:348:6:HAL_I2C_ErrorCallback	16	static
../Core/Src/main.c:357:6:SystemClock_Config	88	static
../Core/Src/main.c:396:13:MX_USART2_UART_Init	8	static
../Core/Src/main.c:414:13:MX_DMA_Init	16	static
../Core/Src/main.c:422:13:MX_GPIO_Init	48	static
../Core/Src/main.c:445:6:uartProcessing	16	static
../Core/Src/main.c:453:13:vUAFE_uart_handle	24	static
../Core/Src/main.c:502:6:HAL_UARTEx_RxEventCallback	16	static
../Core/Src/main.c:518:6:Error_Handler	8	static,ignoring_inline_asm
