../Core/Src/stm32f4xx_it.c:53:6:NMI_Handler	4	static
../Core/Src/stm32f4xx_it.c:63:6:HardFault_Handler	4	static
../Core/Src/stm32f4xx_it.c:74:6:MemManage_Handler	4	static
../Core/Src/stm32f4xx_it.c:85:6:BusFault_Handler	4	static
../Core/Src/stm32f4xx_it.c:96:6:UsageFault_Handler	4	static
../Core/Src/stm32f4xx_it.c:107:6:SVC_Handler	4	static
../Core/Src/stm32f4xx_it.c:115:6:DebugMon_Handler	4	static
../Core/Src/stm32f4xx_it.c:123:6:PendSV_Handler	4	static
../Core/Src/stm32f4xx_it.c:131:6:SysTick_Handler	8	static
../Core/Src/stm32f4xx_it.c:146:6:DMA1_Stream5_IRQHandler	8	static
../Core/Src/stm32f4xx_it.c:154:6:USART2_IRQHandler	8	static
../Core/Src/stm32f4xx_it.c:166:6:I2C1_EV_IRQHandler	8	static
../Core/Src/stm32f4xx_it.c:177:6:I2C1_ER_IRQHandler	8	static
