../Core/Src/main.c:60:5:main	16	static
../Core/Src/main.c:116:1:__io_putchar	16	static
../Core/Src/main.c:129:6:SystemClock_Config	88	static
../Core/Src/main.c:179:13:MX_USART2_UART_Init	8	static
../Core/Src/main.c:207:13:MX_DMA_Init	16	static
../Core/Src/main.c:225:13:MX_GPIO_Init	48	static
../Core/Src/main.c:262:6:PrintInfo	24	static
../Core/Src/main.c:274:6:StartReception	8	static
../Core/Src/main.c:314:6:UserDataTreatment	32	static
../Core/Src/main.c:348:6:HAL_UARTEx_RxEventCallback	24	static
../Core/Src/main.c:423:5:cek	24	static
../Core/Src/main.c:442:6:Error_Handler	4	static
