Archive member included to satisfy reference by file (symbol)

c:/dani/magang/stm32cubeide_1.11.0/stm32cubeide/plugins/com.st.stm32cube.ide.mcu.externaltools.gnu-tools-for-stm32.10.3-2021.10.win32_1.0.100.202210260954/tools/bin/../lib/gcc/arm-none-eabi/10.3.1/../../../../arm-none-eabi/lib/thumb/v7e-m+fp/hard\libc_nano.a(lib_a-errno.o)
                              ./Core/Src/syscalls.o (__errno)
c:/dani/magang/stm32cubeide_1.11.0/stm32cubeide/plugins/com.st.stm32cube.ide.mcu.externaltools.gnu-tools-for-stm32.10.3-2021.10.win32_1.0.100.202210260954/tools/bin/../lib/gcc/arm-none-eabi/10.3.1/../../../../arm-none-eabi/lib/thumb/v7e-m+fp/hard\libc_nano.a(lib_a-exit.o)
                              c:/dani/magang/stm32cubeide_1.11.0/stm32cubeide/plugins/com.st.stm32cube.ide.mcu.externaltools.gnu-tools-for-stm32.10.3-2021.10.win32_1.0.100.202210260954/tools/bin/../lib/gcc/arm-none-eabi/10.3.1/../../../../arm-none-eabi/lib/thumb/v7e-m+fp/hard/crt0.o (exit)
c:/dani/magang/stm32cubeide_1.11.0/stm32cubeide/plugins/com.st.stm32cube.ide.mcu.externaltools.gnu-tools-for-stm32.10.3-2021.10.win32_1.0.100.202210260954/tools/bin/../lib/gcc/arm-none-eabi/10.3.1/../../../../arm-none-eabi/lib/thumb/v7e-m+fp/hard\libc_nano.a(lib_a-impure.o)
                              c:/dani/magang/stm32cubeide_1.11.0/stm32cubeide/plugins/com.st.stm32cube.ide.mcu.externaltools.gnu-tools-for-stm32.10.3-2021.10.win32_1.0.100.202210260954/tools/bin/../lib/gcc/arm-none-eabi/10.3.1/../../../../arm-none-eabi/lib/thumb/v7e-m+fp/hard\libc_nano.a(lib_a-exit.o) (_global_impure_ptr)
c:/dani/magang/stm32cubeide_1.11.0/stm32cubeide/plugins/com.st.stm32cube.ide.mcu.externaltools.gnu-tools-for-stm32.10.3-2021.10.win32_1.0.100.202210260954/tools/bin/../lib/gcc/arm-none-eabi/10.3.1/../../../../arm-none-eabi/lib/thumb/v7e-m+fp/hard\libc_nano.a(lib_a-init.o)
                              c:/dani/magang/stm32cubeide_1.11.0/stm32cubeide/plugins/com.st.stm32cube.ide.mcu.externaltools.gnu-tools-for-stm32.10.3-2021.10.win32_1.0.100.202210260954/tools/bin/../lib/gcc/arm-none-eabi/10.3.1/../../../../arm-none-eabi/lib/thumb/v7e-m+fp/hard/crt0.o (__libc_init_array)
c:/dani/magang/stm32cubeide_1.11.0/stm32cubeide/plugins/com.st.stm32cube.ide.mcu.externaltools.gnu-tools-for-stm32.10.3-2021.10.win32_1.0.100.202210260954/tools/bin/../lib/gcc/arm-none-eabi/10.3.1/../../../../arm-none-eabi/lib/thumb/v7e-m+fp/hard\libc_nano.a(lib_a-memcmp.o)
                              ./Core/Src/uart_prog.o (memcmp)
c:/dani/magang/stm32cubeide_1.11.0/stm32cubeide/plugins/com.st.stm32cube.ide.mcu.externaltools.gnu-tools-for-stm32.10.3-2021.10.win32_1.0.100.202210260954/tools/bin/../lib/gcc/arm-none-eabi/10.3.1/../../../../arm-none-eabi/lib/thumb/v7e-m+fp/hard\libc_nano.a(lib_a-memcpy-stub.o)
                              ./Core/Src/main.o (memcpy)
c:/dani/magang/stm32cubeide_1.11.0/stm32cubeide/plugins/com.st.stm32cube.ide.mcu.externaltools.gnu-tools-for-stm32.10.3-2021.10.win32_1.0.100.202210260954/tools/bin/../lib/gcc/arm-none-eabi/10.3.1/../../../../arm-none-eabi/lib/thumb/v7e-m+fp/hard\libc_nano.a(lib_a-memset.o)
                              c:/dani/magang/stm32cubeide_1.11.0/stm32cubeide/plugins/com.st.stm32cube.ide.mcu.externaltools.gnu-tools-for-stm32.10.3-2021.10.win32_1.0.100.202210260954/tools/bin/../lib/gcc/arm-none-eabi/10.3.1/../../../../arm-none-eabi/lib/thumb/v7e-m+fp/hard/crt0.o (memset)
c:/dani/magang/stm32cubeide_1.11.0/stm32cubeide/plugins/com.st.stm32cube.ide.mcu.externaltools.gnu-tools-for-stm32.10.3-2021.10.win32_1.0.100.202210260954/tools/bin/../lib/gcc/arm-none-eabi/10.3.1/../../../../arm-none-eabi/lib/thumb/v7e-m+fp/hard\libc_nano.a(lib_a-puts.o)
                              ./Core/Src/main.o (puts)
c:/dani/magang/stm32cubeide_1.11.0/stm32cubeide/plugins/com.st.stm32cube.ide.mcu.externaltools.gnu-tools-for-stm32.10.3-2021.10.win32_1.0.100.202210260954/tools/bin/../lib/gcc/arm-none-eabi/10.3.1/../../../../arm-none-eabi/lib/thumb/v7e-m+fp/hard\libc_nano.a(lib_a-wbuf.o)
                              c:/dani/magang/stm32cubeide_1.11.0/stm32cubeide/plugins/com.st.stm32cube.ide.mcu.externaltools.gnu-tools-for-stm32.10.3-2021.10.win32_1.0.100.202210260954/tools/bin/../lib/gcc/arm-none-eabi/10.3.1/../../../../arm-none-eabi/lib/thumb/v7e-m+fp/hard\libc_nano.a(lib_a-puts.o) (__swbuf_r)
c:/dani/magang/stm32cubeide_1.11.0/stm32cubeide/plugins/com.st.stm32cube.ide.mcu.externaltools.gnu-tools-for-stm32.10.3-2021.10.win32_1.0.100.202210260954/tools/bin/../lib/gcc/arm-none-eabi/10.3.1/../../../../arm-none-eabi/lib/thumb/v7e-m+fp/hard\libc_nano.a(lib_a-wsetup.o)
                              c:/dani/magang/stm32cubeide_1.11.0/stm32cubeide/plugins/com.st.stm32cube.ide.mcu.externaltools.gnu-tools-for-stm32.10.3-2021.10.win32_1.0.100.202210260954/tools/bin/../lib/gcc/arm-none-eabi/10.3.1/../../../../arm-none-eabi/lib/thumb/v7e-m+fp/hard\libc_nano.a(lib_a-puts.o) (__swsetup_r)
[...]
Memory Configuration

Name             Origin             Length             Attributes
RAM              0x0000000020000000 0x0000000000020000 xrw
FLASH            0x0000000008000000 0x0000000000080000 xr
*default*        0x0000000000000000 0xffffffffffffffff

Linker script and memory map

LOAD c:/dani/magang/stm32cubeide_1.11.0/stm32cubeide/plugins/com.st.stm32cube.ide.mcu.externaltools.gnu-tools-for-stm32.10.3-2021.10.win32_1.0.100.202210260954/tools/bin/../lib/gcc/arm-none-eabi/10.3.1/thumb/v7e-m+fp/hard/crti.o
LOAD c:/dani/magang/stm32cubeide_1.11.0/stm32cubeide/plugins/com.st.stm32cube.ide.mcu.externaltools.gnu-tools-for-stm32.10.3-2021.10.win32_1.0.100.202210260954/tools/bin/../lib/gcc/arm-none-eabi/10.3.1/thumb/v7e-m+fp/hard/crtbegin.o
LOAD c:/dani/magang/stm32cubeide_1.11.0/stm32cubeide/plugins/com.st.stm32cube.ide.mcu.externaltools.gnu-tools-for-stm32.10.3-2021.10.win32_1.0.100.202210260954/tools/bin/../lib/gcc/arm-none-eabi/10.3.1/../../../../arm-none-eabi/lib/thumb/v7e-m+fp/hard/crt0.o
LOAD ./Core/Src/main.o
LOAD ./Core/Src/stm32f4xx_hal_msp.o
LOAD ./Core/Src/stm32f4xx_it.o
LOAD ./Core/Src/stm32f4xx_nucleo.o
LOAD ./Core/Src/syscalls.o
LOAD ./Core/Src/sysmem.o
LOAD ./Core/Src/system_stm32f4xx.o
LOAD ./Core/Src/uart_prog.o
LOAD ./Core/Startup/startup_stm32f446retx.o
LOAD ./Drivers/STM32F4xx_HAL_Driver/Src/stm32f4xx_hal.o
LOAD ./Drivers/STM32F4xx_HAL_Driver/Src/stm32f4xx_hal_cortex.o
LOAD ./Drivers/STM32F4xx_HAL_Driver/Src/stm32f4xx_hal_dma.o
LOAD ./Drivers/STM32F4xx_HAL_Driver/Src/stm32f4xx_hal_dma_ex.o
LOAD ./Drivers/STM32F4xx_HAL_Driver/Src/stm32f4xx_hal_exti.o
LOAD ./Drivers/STM32F4xx_HAL_Driver/Src/stm32f4xx_hal_flash.o
LOAD ./Drivers/STM32F4xx_HAL_Driver/Src/stm32f4xx_hal_flash_ex.o
LOAD ./Drivers/STM32F4xx_HAL_Driver/Src/stm32f4xx_hal_flash_ramfunc.o
LOAD ./Drivers/STM32F4xx_HAL_Driver/Src/stm32f4xx_hal_gpio.o
LOAD ./Drivers/STM32F4xx_HAL_Driver/Src/stm32f4xx_hal_pwr.o
LOAD ./Drivers/STM32F4xx_HAL_Driver/Src/stm32f4xx_hal_pwr_ex.o
LOAD ./Drivers/STM32F4xx_HAL_Driver/Src/stm32f4xx_hal_rcc.o
LOAD ./Drivers/STM32F4xx_HAL_Driver/Src/stm32f4xx_hal_rcc_ex.o
LOAD ./Drivers/STM32F4xx_HAL_Driver/Src/stm32f4xx_hal_spi.o
LOAD ./Drivers/STM32F4xx_HAL_Driver/Src/stm32f4xx_hal_tim.o
LOAD ./Drivers/STM32F4xx_HAL_Driver/Src/stm32f4xx_hal_tim_ex.o
LOAD ./Drivers/STM32F4xx_HAL_Driver/Src/stm32f4xx_hal_uart.o
START GROUP
LOAD c:/dani/magang/stm32cubeide_1.11.0/stm32cubeide/plugins/com.st.stm32cube.ide.mcu.externaltools.gnu-tools-for-stm32.10.3-2021.10.win32_1.0.100.202210260954/tools/bin/../lib/gcc/arm-none-eabi/10.3.1/../../../../arm-none-eabi/lib/thumb/v7e-m+fp/hard\libc_nano.a
LOAD c:/dani/magang/stm32cubeide_1.11.0/stm32cubeide/plugins/com.st.stm32cube.ide.mcu.externaltools.gnu-tools-for-stm32.10.3-2021.10.win32_1.0.100.202210260954/tools/bin/../lib/gcc/arm-none-eabi/10.3.1/../../../../arm-none-eabi/lib/thumb/v7e-m+fp/hard\libm.a
END GROUP
START GROUP
LOAD c:/dani/magang/stm32cubeide_1.11.0/stm32cubeide/plugins/com.st.stm32cube.ide.mcu.externaltools.gnu-tools-for-stm32.10.3-2021.10.win32_1.0.100.202210260954/tools/bin/../lib/gcc/arm-none-eabi/10.3.1/thumb/v7e-m+fp/hard\libgcc.a
LOAD c:/dani/magang/stm32cubeide_1.11.0/stm32cubeide/plugins/com.st.stm32cube.ide.mcu.externaltools.gnu-tools-for-stm32.10.3-2021.10.win32_1.0.100.202210260954/tools/bin/../lib/gcc/arm-none-eabi/10.3.1/../../../../arm-none-eabi/lib/thumb/v7e-m+fp/hard\libc_nano.a
END GROUP
START GROUP
LOAD c:/dani/magang/stm32cubeide_1.11.0/stm32cubeide/plugins/com.st.stm32cube.ide.mcu.externaltools.gnu-tools-for-stm32.10.3-2021.10.win32_1.0.100.202210260954/tools/bin/../lib/gcc/arm-none-eabi/10.3.1/thumb/v7e-m+fp/hard\libgcc.a
LOAD c:/dani/magang/stm32cubeide_1.11.0/stm32cubeide/plugins/com.st.stm32cube.ide.mcu.externaltools.gnu-tools-for-stm32.10.3-2021.10.win32_1.0.100.202210260954/tools/bin/../lib/gcc/arm-none-eabi/10.3.1/../../../../arm-none-eabi/lib/thumb/v7e-m+fp/hard\libc_nano.a
LOAD c:/dani/magang/stm32cubeide_1.11.0/stm32cubeide/plugins/com.st.stm32cube.ide.mcu.externaltools.gnu-tools-for-stm32.10.3-2021.10.win32_1.0.100.202210260954/tools/bin/../lib/gcc/arm-none-eabi/10.3.1/../../../../arm-none-eabi/lib/thumb/v7e-m+fp/hard\libnosys.a
END GROUP
START GROUP
LOAD c:/dani/magang/stm32cubeide_1.11.0/stm32cubeide/plugins/com.st.stm32cube.ide.mcu.externaltools.gnu-tools-for-stm32.10.3-2021.10.win32_1.0.100.202210260954/tools/bin/../lib/gcc/arm-none-eabi/10.3.1/thumb/v7e-m+fp/hard\libgcc.a
LOAD c:/dani/magang/stm32cubeide_1.11.0/stm32cubeide/plugins/com.st.stm32cube.ide.mcu.externaltools.gnu-tools-for-stm32.10.3-2021.10.win32_1.0.100.202210260954/tools/bin/../lib/gcc/arm-none-eabi/10.3.1/../../../../arm-none-eabi/lib/thumb/v7e-m+fp/hard\libc_nano.a
LOAD c:/dani/magang/stm32cubeide_1.11.0/stm32cubeide/plugins/com.st.stm32cube.ide.mcu.externaltools.gnu-tools-for-stm32.10.3-2021.10.win32_1.0.100.202210260954/tools/bin/../lib/gcc/arm-none-eabi/10.3.1/../../../../arm-none-eabi/lib/thumb/v7e-m+fp/hard\libnosys.a
END GROUP
LOAD c:/dani/magang/stm32cubeide_1.11.0/stm32cubeide/plugins/com.st.stm32cube.ide.mcu.externaltools.gnu-tools-for-stm32.10.3-2021.10.win32_1.0.100.202210260954/tools/bin/../lib/gcc/arm-none-eabi/10.3.1/thumb/v7e-m+fp/hard/crtend.o
LOAD c:/dani/magang/stm32cubeide_1.11.0/stm32cubeide/plugins/com.st.stm32cube.ide.mcu.externaltools.gnu-tools-for-stm32.10.3-2021.10.win32_1.0.100.202210260954/tools/bin/../lib/gcc/arm-none-eabi/10.3.1/thumb/v7e-m+fp/hard/crtn.o
                0x0000000020020000                _estack = (ORIGIN (RAM) + LENGTH (RAM))
                0x0000000000000200                _Min_Heap_Size = 0x200
                0x0000000000000400                _Min_Stack_Size = 0x400

.isr_vector     0x0000000008000000      0x1c4
                0x0000000008000000                . = ALIGN (0x4)
 *(.isr_vector)
 .isr_vector    0x0000000008000000      0x1c4 ./Core/Startup/startup_stm32f446retx.o
                0x0000000008000000                g_pfnVectors
                0x00000000080001c4                . = ALIGN (0x4)

.text           0x00000000080001c4     0x5d7c
                0x00000000080001c4                . = ALIGN (0x4)
 *(.text)
 .text          0x00000000080001c4       0x40 c:/dani/magang/stm32cubeide_1.11.0/stm32cubeide/plugins/com.st.stm32cube.ide.mcu.externaltools.gnu-tools-for-stm32.10.3-2021.10.win32_1.0.100.202210260954/tools/bin/../lib/gcc/arm-none-eabi/10.3.1/thumb/v7e-m+fp/hard/crtbegin.o
 .text          0x0000000008000204       0x30 c:/dani/magang/stm32cubeide_1.11.0/stm32cubeide/plugins/com.st.stm32cube.ide.mcu.externaltools.gnu-tools-for-stm32.10.3-2021.10.win32_1.0.100.202210260954/tools/bin/../lib/gcc/arm-none-eabi/10.3.1/thumb/v7e-m+fp/hard\libgcc.a(_aeabi_uldivmod.o)
                0x0000000008000204                __aeabi_uldivmod
 .text          0x0000000008000234      0x2d0 c:/dani/magang/stm32cubeide_1.11.0/stm32cubeide/plugins/com.st.stm32cube.ide.mcu.externaltools.gnu-tools-for-stm32.10.3-2021.10.win32_1.0.100.202210260954/tools/bin/../lib/gcc/arm-none-eabi/10.3.1/thumb/v7e-m+fp/hard\libgcc.a(_udivmoddi4.o)
                0x0000000008000234                __udivmoddi4
 .text          0x0000000008000504        0x4 c:/dani/magang/stm32cubeide_1.11.0/stm32cubeide/plugins/com.st.stm32cube.ide.mcu.externaltools.gnu-tools-for-stm32.10.3-2021.10.win32_1.0.100.202210260954/tools/bin/../lib/gcc/arm-none-eabi/10.3.1/thumb/v7e-m+fp/hard\libgcc.a(_dvmd_tls.o)
                0x0000000008000504                __aeabi_idiv0
                0x0000000008000504                __aeabi_ldiv0
 *(.text*)
 .text.__io_putchar
                0x0000000008000508       0x24 ./Core/Src/main.o
                0x0000000008000508                __io_putchar
 .text.main     0x000000000800052c      0x48c ./Core/Src/main.o
                0x000000000800052c                main
 .text.SystemClock_Config
                0x00000000080009b8       0xdc ./Core/Src/main.o
                0x00000000080009b8                SystemClock_Config
 .text.MX_SPI2_Init
                0x0000000008000a94       0x70 ./Core/Src/main.o
 .text.MX_USART2_UART_Init
                0x0000000008000b04       0x64 ./Core/Src/main.o
 .text.MX_DMA_Init
                0x0000000008000b68       0x40 ./Core/Src/main.o
 .text.MX_GPIO_Init
                0x0000000008000ba8       0xec ./Core/Src/main.o
 .text.HAL_GPIO_EXTI_Callback
                0x0000000008000c94       0x3c ./Core/Src/main.o
                0x0000000008000c94                HAL_GPIO_EXTI_Callback
 .text.HAL_SPI_TxRxCpltCallback
                0x0000000008000cd0       0x14 ./Core/Src/main.o
                0x0000000008000cd0                HAL_SPI_TxRxCpltCallback
 .text.HAL_SPI_TxCpltCallback
                0x0000000008000ce4       0x20 ./Core/Src/main.o
                0x0000000008000ce4                HAL_SPI_TxCpltCallback
 .text.HAL_SPI_RxCpltCallback
                0x0000000008000d04       0x20 ./Core/Src/main.o
                0x0000000008000d04                HAL_SPI_RxCpltCallback
 .text.HAL_SPI_ErrorCallback
                0x0000000008000d24       0x28 ./Core/Src/main.o
                0x0000000008000d24                HAL_SPI_ErrorCallback
 .text.Buffercmp_Byte
                0x0000000008000d4c       0xd4 ./Core/Src/main.o
                0x0000000008000d4c                Buffercmp_Byte
 .text.Set_aTxBuffer
                0x0000000008000e20       0x60 ./Core/Src/main.o
                0x0000000008000e20                Set_aTxBuffer
 .text.uartProcessing
                0x0000000008000e80       0x1a ./Core/Src/main.o
                0x0000000008000e80                uartProcessing
 *fill*         0x0000000008000e9a        0x2 
 .text.vUAFE_uart_handle
                0x0000000008000e9c      0x114 ./Core/Src/main.o
 .text.HAL_UARTEx_RxEventCallback
                0x0000000008000fb0       0x40 ./Core/Src/main.o
                0x0000000008000fb0                HAL_UARTEx_RxEventCallback
 .text.Error_Handler
                0x0000000008000ff0       0x28 ./Core/Src/main.o
                0x0000000008000ff0                Error_Handler
 .text.HAL_MspInit
                0x0000000008001018       0x50 ./Core/Src/stm32f4xx_hal_msp.o
                0x0000000008001018                HAL_MspInit
 .text.HAL_SPI_MspInit
                0x0000000008001068      0x100 ./Core/Src/stm32f4xx_hal_msp.o
                0x0000000008001068                HAL_SPI_MspInit
 .text.HAL_UART_MspInit
                0x0000000008001168      0x104 ./Core/Src/stm32f4xx_hal_msp.o
                0x0000000008001168                HAL_UART_MspInit
 .text.NMI_Handler
                0x000000000800126c        0x6 ./Core/Src/stm32f4xx_it.o
                0x000000000800126c                NMI_Handler
 .text.HardFault_Handler
                0x0000000008001272        0x6 ./Core/Src/stm32f4xx_it.o
                0x0000000008001272                HardFault_Handler
 .text.MemManage_Handler
                0x0000000008001278        0x6 ./Core/Src/stm32f4xx_it.o
                0x0000000008001278                MemManage_Handler
 .text.BusFault_Handler
                0x000000000800127e        0x6 ./Core/Src/stm32f4xx_it.o
                0x000000000800127e                BusFault_Handler
 .text.UsageFault_Handler
                0x0000000008001284        0x6 ./Core/Src/stm32f4xx_it.o
                0x0000000008001284                UsageFault_Handler
 .text.SVC_Handler
                0x000000000800128a        0xe ./Core/Src/stm32f4xx_it.o
                0x000000000800128a                SVC_Handler
 .text.DebugMon_Handler
                0x0000000008001298        0xe ./Core/Src/stm32f4xx_it.o
                0x0000000008001298                DebugMon_Handler
 .text.PendSV_Handler
                0x00000000080012a6        0xe ./Core/Src/stm32f4xx_it.o
                0x00000000080012a6                PendSV_Handler
 .text.SysTick_Handler
                0x00000000080012b4        0xc ./Core/Src/stm32f4xx_it.o
                0x00000000080012b4                SysTick_Handler
 .text.SPI2_IRQHandler
                0x00000000080012c0       0x14 ./Core/Src/stm32f4xx_it.o
                0x00000000080012c0                SPI2_IRQHandler
 .text.DMA1_Stream5_IRQHandler
                0x00000000080012d4       0x14 ./Core/Src/stm32f4xx_it.o
                0x00000000080012d4                DMA1_Stream5_IRQHandler
 .text.USART2_IRQHandler
                0x00000000080012e8       0x14 ./Core/Src/stm32f4xx_it.o
                0x00000000080012e8                USART2_IRQHandler
 .text.EXTI15_10_IRQHandler
                0x00000000080012fc       0x10 ./Core/Src/stm32f4xx_it.o
                0x00000000080012fc                EXTI15_10_IRQHandler
 .text._read    0x000000000800130c       0x3a ./Core/Src/syscalls.o
                0x000000000800130c                _read
 .text._write   0x0000000008001346       0x38 ./Core/Src/syscalls.o
                0x0000000008001346                _write
 .text._close   0x000000000800137e       0x18 ./Core/Src/syscalls.o
                0x000000000800137e                _close
 .text._fstat   0x0000000008001396       0x20 ./Core/Src/syscalls.o
                0x0000000008001396                _fstat
 .text._isatty  0x00000000080013b6       0x16 ./Core/Src/syscalls.o
                0x00000000080013b6                _isatty
 .text._lseek   0x00000000080013cc       0x1a ./Core/Src/syscalls.o
                0x00000000080013cc                _lseek
 *fill*         0x00000000080013e6        0x2 
 .text._sbrk    0x00000000080013e8       0x6c ./Core/Src/sysmem.o
                0x00000000080013e8                _sbrk
 .text.SystemInit
                0x0000000008001454       0x24 ./Core/Src/system_stm32f4xx.o
                0x0000000008001454                SystemInit
 .text.vShell_cmdParse
                0x0000000008001478      0x27c ./Core/Src/uart_prog.o
                0x0000000008001478                vShell_cmdParse
 .text.Reset_Handler
                0x00000000080016f4       0x50 ./Core/Startup/startup_stm32f446retx.o
                0x00000000080016f4                Reset_Handler
 .text.Default_Handler
                0x0000000008001744        0x2 ./Core/Startup/startup_stm32f446retx.o
                0x0000000008001744                RTC_Alarm_IRQHandler
                0x0000000008001744                EXTI2_IRQHandler
                0x0000000008001744                TIM8_CC_IRQHandler
                0x0000000008001744                FMPI2C1_EV_IRQHandler
                0x0000000008001744                SPI4_IRQHandler
                0x0000000008001744                TIM1_CC_IRQHandler
                0x0000000008001744                DMA2_Stream5_IRQHandler
                0x0000000008001744                PVD_IRQHandler
                0x0000000008001744                SDIO_IRQHandler
                0x0000000008001744                TAMP_STAMP_IRQHandler
                0x0000000008001744                CAN2_RX1_IRQHandler
                0x0000000008001744                EXTI3_IRQHandler
                0x0000000008001744                TIM8_TRG_COM_TIM14_IRQHandler
                0x0000000008001744                TIM1_UP_TIM10_IRQHandler
                0x0000000008001744                TIM8_UP_TIM13_IRQHandler
                0x0000000008001744                I2C3_ER_IRQHandler
                0x0000000008001744                EXTI0_IRQHandler
                0x0000000008001744                I2C2_EV_IRQHandler
                0x0000000008001744                DMA1_Stream2_IRQHandler
                0x0000000008001744                CAN1_RX0_IRQHandler
                0x0000000008001744                FPU_IRQHandler
                0x0000000008001744                OTG_HS_WKUP_IRQHandler
                0x0000000008001744                CAN2_SCE_IRQHandler
                0x0000000008001744                DMA2_Stream2_IRQHandler
                0x0000000008001744                SPI1_IRQHandler
                0x0000000008001744                TIM6_DAC_IRQHandler
                0x0000000008001744                TIM1_BRK_TIM9_IRQHandler
                0x0000000008001744                DCMI_IRQHandler
                0x0000000008001744                CAN2_RX0_IRQHandler
                0x0000000008001744                DMA2_Stream3_IRQHandler
                0x0000000008001744                SAI2_IRQHandler
                0x0000000008001744                USART6_IRQHandler
                0x0000000008001744                USART3_IRQHandler
                0x0000000008001744                CAN1_RX1_IRQHandler
                0x0000000008001744                UART5_IRQHandler
                0x0000000008001744                DMA2_Stream0_IRQHandler
                0x0000000008001744                TIM4_IRQHandler
                0x0000000008001744                QUADSPI_IRQHandler
                0x0000000008001744                I2C1_EV_IRQHandler
                0x0000000008001744                DMA1_Stream6_IRQHandler
                0x0000000008001744                DMA1_Stream1_IRQHandler
                0x0000000008001744                UART4_IRQHandler
                0x0000000008001744                TIM3_IRQHandler
                0x0000000008001744                RCC_IRQHandler
                0x0000000008001744                TIM8_BRK_TIM12_IRQHandler
                0x0000000008001744                Default_Handler
                0x0000000008001744                CEC_IRQHandler
                0x0000000008001744                ADC_IRQHandler
                0x0000000008001744                DMA1_Stream7_IRQHandler
                0x0000000008001744                TIM7_IRQHandler
                0x0000000008001744                CAN2_TX_IRQHandler
                0x0000000008001744                TIM5_IRQHandler
                0x0000000008001744                DMA2_Stream7_IRQHandler
                0x0000000008001744                I2C3_EV_IRQHandler
                0x0000000008001744                EXTI9_5_IRQHandler
                0x0000000008001744                RTC_WKUP_IRQHandler
                0x0000000008001744                SPDIF_RX_IRQHandler
                0x0000000008001744                OTG_HS_EP1_IN_IRQHandler
                0x0000000008001744                DMA1_Stream0_IRQHandler
                0x0000000008001744                CAN1_TX_IRQHandler
                0x0000000008001744                FMPI2C1_ER_IRQHandler
                0x0000000008001744                EXTI4_IRQHandler
                0x0000000008001744                OTG_HS_EP1_OUT_IRQHandler
                0x0000000008001744                WWDG_IRQHandler
                0x0000000008001744                TIM2_IRQHandler
                0x0000000008001744                OTG_FS_WKUP_IRQHandler
                0x0000000008001744                TIM1_TRG_COM_TIM11_IRQHandler
                0x0000000008001744                OTG_HS_IRQHandler
                0x0000000008001744                EXTI1_IRQHandler
                0x0000000008001744                I2C2_ER_IRQHandler
                0x0000000008001744                DMA2_Stream1_IRQHandler
                0x0000000008001744                CAN1_SCE_IRQHandler
                0x0000000008001744                FLASH_IRQHandler
                0x0000000008001744                DMA2_Stream4_IRQHandler
                0x0000000008001744                USART1_IRQHandler
                0x0000000008001744                OTG_FS_IRQHandler
                0x0000000008001744                SPI3_IRQHandler
                0x0000000008001744                DMA1_Stream4_IRQHandler
                0x0000000008001744                I2C1_ER_IRQHandler
                0x0000000008001744                FMC_IRQHandler
                0x0000000008001744                DMA2_Stream6_IRQHandler
                0x0000000008001744                SAI1_IRQHandler
                0x0000000008001744                DMA1_Stream3_IRQHandler
 *fill*         0x0000000008001746        0x2 
 .text.HAL_Init
                0x0000000008001748       0x44 ./Drivers/STM32F4xx_HAL_Driver/Src/stm32f4xx_hal.o
                0x0000000008001748                HAL_Init
 .text.HAL_InitTick
                0x000000000800178c       0x60 ./Drivers/STM32F4xx_HAL_Driver/Src/stm32f4xx_hal.o
                0x000000000800178c                HAL_InitTick
 .text.HAL_IncTick
                0x00000000080017ec       0x28 ./Drivers/STM32F4xx_HAL_Driver/Src/stm32f4xx_hal.o
                0x00000000080017ec                HAL_IncTick
 .text.HAL_GetTick
                0x0000000008001814       0x18 ./Drivers/STM32F4xx_HAL_Driver/Src/stm32f4xx_hal.o
                0x0000000008001814                HAL_GetTick
 .text.HAL_Delay
                0x000000000800182c       0x48 ./Drivers/STM32F4xx_HAL_Driver/Src/stm32f4xx_hal.o
                0x000000000800182c                HAL_Delay
 .text.__NVIC_SetPriorityGrouping
                0x0000000008001874       0x48 ./Drivers/STM32F4xx_HAL_Driver/Src/stm32f4xx_hal_cortex.o
 .text.__NVIC_GetPriorityGrouping
                0x00000000080018bc       0x1c ./Drivers/STM32F4xx_HAL_Driver/Src/stm32f4xx_hal_cortex.o
 .text.__NVIC_EnableIRQ
                0x00000000080018d8       0x3c ./Drivers/STM32F4xx_HAL_Driver/Src/stm32f4xx_hal_cortex.o
 .text.__NVIC_SetPriority
                0x0000000008001914       0x54 ./Drivers/STM32F4xx_HAL_Driver/Src/stm32f4xx_hal_cortex.o
 .text.NVIC_EncodePriority
                0x0000000008001968       0x66 ./Drivers/STM32F4xx_HAL_Driver/Src/stm32f4xx_hal_cortex.o
 *fill*         0x00000000080019ce        0x2 
 .text.SysTick_Config
                0x00000000080019d0       0x44 ./Drivers/STM32F4xx_HAL_Driver/Src/stm32f4xx_hal_cortex.o
 .text.HAL_NVIC_SetPriorityGrouping
                0x0000000008001a14       0x16 ./Drivers/STM32F4xx_HAL_Driver/Src/stm32f4xx_hal_cortex.o
                0x0000000008001a14                HAL_NVIC_SetPriorityGrouping
 .text.HAL_NVIC_SetPriority
                0x0000000008001a2a       0x38 ./Drivers/STM32F4xx_HAL_Driver/Src/stm32f4xx_hal_cortex.o
                0x0000000008001a2a                HAL_NVIC_SetPriority
 .text.HAL_NVIC_EnableIRQ
                0x0000000008001a62       0x1c ./Drivers/STM32F4xx_HAL_Driver/Src/stm32f4xx_hal_cortex.o
                0x0000000008001a62                HAL_NVIC_EnableIRQ
 .text.HAL_SYSTICK_Config
                0x0000000008001a7e       0x18 ./Drivers/STM32F4xx_HAL_Driver/Src/stm32f4xx_hal_cortex.o
                0x0000000008001a7e                HAL_SYSTICK_Config
 *fill*         0x0000000008001a96        0x2 
 .text.HAL_DMA_Init
                0x0000000008001a98      0x15c ./Drivers/STM32F4xx_HAL_Driver/Src/stm32f4xx_hal_dma.o
                0x0000000008001a98                HAL_DMA_Init
 .text.HAL_DMA_Start_IT
                0x0000000008001bf4       0xb0 ./Drivers/STM32F4xx_HAL_Driver/Src/stm32f4xx_hal_dma.o
                0x0000000008001bf4                HAL_DMA_Start_IT
 .text.HAL_DMA_Abort
                0x0000000008001ca4       0xe0 ./Drivers/STM32F4xx_HAL_Driver/Src/stm32f4xx_hal_dma.o
                0x0000000008001ca4                HAL_DMA_Abort
 .text.HAL_DMA_Abort_IT
                0x0000000008001d84       0x44 ./Drivers/STM32F4xx_HAL_Driver/Src/stm32f4xx_hal_dma.o
                0x0000000008001d84                HAL_DMA_Abort_IT
 .text.HAL_DMA_IRQHandler
                0x0000000008001dc8      0x314 ./Drivers/STM32F4xx_HAL_Driver/Src/stm32f4xx_hal_dma.o
                0x0000000008001dc8                HAL_DMA_IRQHandler
 .text.DMA_SetConfig
                0x00000000080020dc       0x5c ./Drivers/STM32F4xx_HAL_Driver/Src/stm32f4xx_hal_dma.o
 .text.DMA_CalcBaseAndBitshift
                0x0000000008002138       0x6c ./Drivers/STM32F4xx_HAL_Driver/Src/stm32f4xx_hal_dma.o
 .text.DMA_CheckFifoParam
                0x00000000080021a4       0xf8 ./Drivers/STM32F4xx_HAL_Driver/Src/stm32f4xx_hal_dma.o
 .text.HAL_GPIO_Init
                0x000000000800229c      0x328 ./Drivers/STM32F4xx_HAL_Driver/Src/stm32f4xx_hal_gpio.o
                0x000000000800229c                HAL_GPIO_Init
 .text.HAL_GPIO_WritePin
                0x00000000080025c4       0x32 ./Drivers/STM32F4xx_HAL_Driver/Src/stm32f4xx_hal_gpio.o
                0x00000000080025c4                HAL_GPIO_WritePin
 .text.HAL_GPIO_TogglePin
                0x00000000080025f6       0x34 ./Drivers/STM32F4xx_HAL_Driver/Src/stm32f4xx_hal_gpio.o
                0x00000000080025f6                HAL_GPIO_TogglePin
 *fill*         0x000000000800262a        0x2 
 .text.HAL_GPIO_EXTI_IRQHandler
                0x000000000800262c       0x30 ./Drivers/STM32F4xx_HAL_Driver/Src/stm32f4xx_hal_gpio.o
                0x000000000800262c                HAL_GPIO_EXTI_IRQHandler
 .text.HAL_RCC_ClockConfig
                0x000000000800265c      0x1cc ./Drivers/STM32F4xx_HAL_Driver/Src/stm32f4xx_hal_rcc.o
                0x000000000800265c                HAL_RCC_ClockConfig
 .text.HAL_RCC_GetHCLKFreq
                0x0000000008002828       0x18 ./Drivers/STM32F4xx_HAL_Driver/Src/stm32f4xx_hal_rcc.o
                0x0000000008002828                HAL_RCC_GetHCLKFreq
 .text.HAL_RCC_GetPCLK1Freq
                0x0000000008002840       0x28 ./Drivers/STM32F4xx_HAL_Driver/Src/stm32f4xx_hal_rcc.o
                0x0000000008002840                HAL_RCC_GetPCLK1Freq
 .text.HAL_RCC_GetPCLK2Freq
                0x0000000008002868       0x28 ./Drivers/STM32F4xx_HAL_Driver/Src/stm32f4xx_hal_rcc.o
                0x0000000008002868                HAL_RCC_GetPCLK2Freq
 .text.HAL_RCC_GetSysClockFreq
                0x0000000008002890      0x460 ./Drivers/STM32F4xx_HAL_Driver/Src/stm32f4xx_hal_rcc_ex.o
                0x0000000008002890                HAL_RCC_GetSysClockFreq
 .text.HAL_RCC_OscConfig
                0x0000000008002cf0      0x53c ./Drivers/STM32F4xx_HAL_Driver/Src/stm32f4xx_hal_rcc_ex.o
                0x0000000008002cf0                HAL_RCC_OscConfig
 .text.HAL_SPI_Init
                0x000000000800322c      0x112 ./Drivers/STM32F4xx_HAL_Driver/Src/stm32f4xx_hal_spi.o
                0x000000000800322c                HAL_SPI_Init
 *fill*         0x000000000800333e        0x2 
 .text.HAL_SPI_Transmit_IT
                0x0000000008003340      0x114 ./Drivers/STM32F4xx_HAL_Driver/Src/stm32f4xx_hal_spi.o
                0x0000000008003340                HAL_SPI_Transmit_IT
 .text.HAL_SPI_Receive_IT
                0x0000000008003454      0x13c ./Drivers/STM32F4xx_HAL_Driver/Src/stm32f4xx_hal_spi.o
                0x0000000008003454                HAL_SPI_Receive_IT
 .text.HAL_SPI_TransmitReceive_IT
                0x0000000008003590      0x128 ./Drivers/STM32F4xx_HAL_Driver/Src/stm32f4xx_hal_spi.o
                0x0000000008003590                HAL_SPI_TransmitReceive_IT
 .text.HAL_SPI_IRQHandler
                0x00000000080036b8      0x200 ./Drivers/STM32F4xx_HAL_Driver/Src/stm32f4xx_hal_spi.o
                0x00000000080036b8                HAL_SPI_IRQHandler
 .text.HAL_SPI_GetState
                0x00000000080038b8       0x1c ./Drivers/STM32F4xx_HAL_Driver/Src/stm32f4xx_hal_spi.o
                0x00000000080038b8                HAL_SPI_GetState
 .text.SPI_DMAAbortOnError
                0x00000000080038d4       0x28 ./Drivers/STM32F4xx_HAL_Driver/Src/stm32f4xx_hal_spi.o
 .text.SPI_2linesRxISR_8BIT
                0x00000000080038fc       0x64 ./Drivers/STM32F4xx_HAL_Driver/Src/stm32f4xx_hal_spi.o
 .text.SPI_2linesTxISR_8BIT
                0x0000000008003960       0x60 ./Drivers/STM32F4xx_HAL_Driver/Src/stm32f4xx_hal_spi.o
 .text.SPI_2linesRxISR_16BIT
                0x00000000080039c0       0x60 ./Drivers/STM32F4xx_HAL_Driver/Src/stm32f4xx_hal_spi.o
 .text.SPI_2linesTxISR_16BIT
                0x0000000008003a20       0x5e ./Drivers/STM32F4xx_HAL_Driver/Src/stm32f4xx_hal_spi.o
 .text.SPI_RxISR_8BIT
                0x0000000008003a7e       0x4a ./Drivers/STM32F4xx_HAL_Driver/Src/stm32f4xx_hal_spi.o
 .text.SPI_RxISR_16BIT
                0x0000000008003ac8       0x46 ./Drivers/STM32F4xx_HAL_Driver/Src/stm32f4xx_hal_spi.o
 .text.SPI_TxISR_8BIT
                0x0000000008003b0e       0x46 ./Drivers/STM32F4xx_HAL_Driver/Src/stm32f4xx_hal_spi.o
 .text.SPI_TxISR_16BIT
                0x0000000008003b54       0x44 ./Drivers/STM32F4xx_HAL_Driver/Src/stm32f4xx_hal_spi.o
 .text.SPI_WaitFlagStateUntilTimeout
                0x0000000008003b98      0x110 ./Drivers/STM32F4xx_HAL_Driver/Src/stm32f4xx_hal_spi.o
 .text.SPI_EndRxTransaction
                0x0000000008003ca8       0xca ./Drivers/STM32F4xx_HAL_Driver/Src/stm32f4xx_hal_spi.o
 *fill*         0x0000000008003d72        0x2 
 .text.SPI_EndRxTxTransaction
                0x0000000008003d74       0x84 ./Drivers/STM32F4xx_HAL_Driver/Src/stm32f4xx_hal_spi.o
 .text.SPI_CloseRxTx_ISR
                0x0000000008003df8       0xe8 ./Drivers/STM32F4xx_HAL_Driver/Src/stm32f4xx_hal_spi.o
 .text.SPI_CloseRx_ISR
                0x0000000008003ee0       0x7e ./Drivers/STM32F4xx_HAL_Driver/Src/stm32f4xx_hal_spi.o
 *fill*         0x0000000008003f5e        0x2 
 .text.SPI_CloseTx_ISR
                0x0000000008003f60       0xc4 ./Drivers/STM32F4xx_HAL_Driver/Src/stm32f4xx_hal_spi.o
 .text.HAL_UART_Init
                0x0000000008004024       0x9a ./Drivers/STM32F4xx_HAL_Driver/Src/stm32f4xx_hal_uart.o
                0x0000000008004024                HAL_UART_Init
 .text.HAL_UART_Transmit
                0x00000000080040be      0x124 ./Drivers/STM32F4xx_HAL_Driver/Src/stm32f4xx_hal_uart.o
                0x00000000080040be                HAL_UART_Transmit
 .text.HAL_UARTEx_ReceiveToIdle_DMA
                0x00000000080041e2       0xca ./Drivers/STM32F4xx_HAL_Driver/Src/stm32f4xx_hal_uart.o
                0x00000000080041e2                HAL_UARTEx_ReceiveToIdle_DMA
 .text.HAL_UART_IRQHandler
                0x00000000080042ac      0x51c ./Drivers/STM32F4xx_HAL_Driver/Src/stm32f4xx_hal_uart.o
                0x00000000080042ac                HAL_UART_IRQHandler
 .text.HAL_UART_TxCpltCallback
                0x00000000080047c8       0x14 ./Drivers/STM32F4xx_HAL_Driver/Src/stm32f4xx_hal_uart.o
                0x00000000080047c8                HAL_UART_TxCpltCallback
 .text.HAL_UART_RxCpltCallback
                0x00000000080047dc       0x14 ./Drivers/STM32F4xx_HAL_Driver/Src/stm32f4xx_hal_uart.o
                0x00000000080047dc                HAL_UART_RxCpltCallback
 .text.HAL_UART_RxHalfCpltCallback
                0x00000000080047f0       0x14 ./Drivers/STM32F4xx_HAL_Driver/Src/stm32f4xx_hal_uart.o
                0x00000000080047f0                HAL_UART_RxHalfCpltCallback
 .text.HAL_UART_ErrorCallback
                0x0000000008004804       0x14 ./Drivers/STM32F4xx_HAL_Driver/Src/stm32f4xx_hal_uart.o
                0x0000000008004804                HAL_UART_ErrorCallback
 .text.UART_DMAReceiveCplt
                0x0000000008004818      0x126 ./Drivers/STM32F4xx_HAL_Driver/Src/stm32f4xx_hal_uart.o
 .text.UART_DMARxHalfCplt
                0x000000000800493e       0x36 ./Drivers/STM32F4xx_HAL_Driver/Src/stm32f4xx_hal_uart.o
 .text.UART_DMAError
                0x0000000008004974       0x94 ./Drivers/STM32F4xx_HAL_Driver/Src/stm32f4xx_hal_uart.o
 .text.UART_WaitOnFlagUntilTimeout
                0x0000000008004a08       0xdc ./Drivers/STM32F4xx_HAL_Driver/Src/stm32f4xx_hal_uart.o
 .text.UART_Start_Receive_DMA
                0x0000000008004ae4      0x13c ./Drivers/STM32F4xx_HAL_Driver/Src/stm32f4xx_hal_uart.o
                0x0000000008004ae4                UART_Start_Receive_DMA
 .text.UART_EndTxTransfer
                0x0000000008004c20       0x50 ./Drivers/STM32F4xx_HAL_Driver/Src/stm32f4xx_hal_uart.o
 .text.UART_EndRxTransfer
                0x0000000008004c70       0xc6 ./Drivers/STM32F4xx_HAL_Driver/Src/stm32f4xx_hal_uart.o
 .text.UART_DMAAbortOnError
                0x0000000008004d36       0x28 ./Drivers/STM32F4xx_HAL_Driver/Src/stm32f4xx_hal_uart.o
 .text.UART_Transmit_IT
                0x0000000008004d5e       0xa0 ./Drivers/STM32F4xx_HAL_Driver/Src/stm32f4xx_hal_uart.o
 .text.UART_EndTransmit_IT
                0x0000000008004dfe       0x30 ./Drivers/STM32F4xx_HAL_Driver/Src/stm32f4xx_hal_uart.o
 .text.UART_Receive_IT
                0x0000000008004e2e      0x176 ./Drivers/STM32F4xx_HAL_Driver/Src/stm32f4xx_hal_uart.o
 .text.UART_SetConfig
                0x0000000008004fa4      0x4e8 ./Drivers/STM32F4xx_HAL_Driver/Src/stm32f4xx_hal_uart.o
 .text.__errno  0x000000000800548c        0xc c:/dani/magang/stm32cubeide_1.11.0/stm32cubeide/plugins/com.st.stm32cube.ide.mcu.externaltools.gnu-tools-for-stm32.10.3-2021.10.win32_1.0.100.202210260954/tools/bin/../lib/gcc/arm-none-eabi/10.3.1/../../../../arm-none-eabi/lib/thumb/v7e-m+fp/hard\libc_nano.a(lib_a-errno.o)
                0x000000000800548c                __errno
 .text.__libc_init_array
                0x0000000008005498       0x48 c:/dani/magang/stm32cubeide_1.11.0/stm32cubeide/plugins/com.st.stm32cube.ide.mcu.externaltools.gnu-tools-for-stm32.10.3-2021.10.win32_1.0.100.202210260954/tools/bin/../lib/gcc/arm-none-eabi/10.3.1/../../../../arm-none-eabi/lib/thumb/v7e-m+fp/hard\libc_nano.a(lib_a-init.o)
                0x0000000008005498                __libc_init_array
 .text.memcmp   0x00000000080054e0       0x20 c:/dani/magang/stm32cubeide_1.11.0/stm32cubeide/plugins/com.st.stm32cube.ide.mcu.externaltools.gnu-tools-for-stm32.10.3-2021.10.win32_1.0.100.202210260954/tools/bin/../lib/gcc/arm-none-eabi/10.3.1/../../../../arm-none-eabi/lib/thumb/v7e-m+fp/hard\libc_nano.a(lib_a-memcmp.o)
                0x00000000080054e0                memcmp
 .text.memcpy   0x0000000008005500       0x1c c:/dani/magang/stm32cubeide_1.11.0/stm32cubeide/plugins/com.st.stm32cube.ide.mcu.externaltools.gnu-tools-for-stm32.10.3-2021.10.win32_1.0.100.202210260954/tools/bin/../lib/gcc/arm-none-eabi/10.3.1/../../../../arm-none-eabi/lib/thumb/v7e-m+fp/hard\libc_nano.a(lib_a-memcpy-stub.o)
                0x0000000008005500                memcpy
 .text.memset   0x000000000800551c       0x10 c:/dani/magang/stm32cubeide_1.11.0/stm32cubeide/plugins/com.st.stm32cube.ide.mcu.externaltools.gnu-tools-for-stm32.10.3-2021.10.win32_1.0.100.202210260954/tools/bin/../lib/gcc/arm-none-eabi/10.3.1/../../../../arm-none-eabi/lib/thumb/v7e-m+fp/hard\libc_nano.a(lib_a-memset.o)
                0x000000000800551c                memset
 .text._puts_r  0x000000000800552c       0xdc c:/dani/magang/stm32cubeide_1.11.0/stm32cubeide/plugins/com.st.stm32cube.ide.mcu.externaltools.gnu-tools-for-stm32.10.3-2021.10.win32_1.0.100.202210260954/tools/bin/../lib/gcc/arm-none-eabi/10.3.1/../../../../arm-none-eabi/lib/thumb/v7e-m+fp/hard\libc_nano.a(lib_a-puts.o)
                0x000000000800552c                _puts_r
 .text.puts     0x0000000008005608       0x10 c:/dani/magang/stm32cubeide_1.11.0/stm32cubeide/plugins/com.st.stm32cube.ide.mcu.externaltools.gnu-tools-for-stm32.10.3-2021.10.win32_1.0.100.202210260954/tools/bin/../lib/gcc/arm-none-eabi/10.3.1/../../../../arm-none-eabi/lib/thumb/v7e-m+fp/hard\libc_nano.a(lib_a-puts.o)
                0x0000000008005608                puts
 .text.__swbuf_r
                0x0000000008005618       0xa4 c:/dani/magang/stm32cubeide_1.11.0/stm32cubeide/plugins/com.st.stm32cube.ide.mcu.externaltools.gnu-tools-for-stm32.10.3-2021.10.win32_1.0.100.202210260954/tools/bin/../lib/gcc/arm-none-eabi/10.3.1/../../../../arm-none-eabi/lib/thumb/v7e-m+fp/hard\libc_nano.a(lib_a-wbuf.o)
                0x0000000008005618                __swbuf_r
 .text.__swsetup_r
                0x00000000080056bc       0xdc c:/dani/magang/stm32cubeide_1.11.0/stm32cubeide/plugins/com.st.stm32cube.ide.mcu.externaltools.gnu-tools-for-stm32.10.3-2021.10.win32_1.0.100.202210260954/tools/bin/../lib/gcc/arm-none-eabi/10.3.1/../../../../arm-none-eabi/lib/thumb/v7e-m+fp/hard\libc_nano.a(lib_a-wsetup.o)
                0x00000000080056bc                __swsetup_r
 .text.__sflush_r
                0x0000000008005798      0x10c c:/dani/magang/stm32cubeide_1.11.0/stm32cubeide/plugins/com.st.stm32cube.ide.mcu.externaltools.gnu-tools-for-stm32.10.3-2021.10.win32_1.0.100.202210260954/tools/bin/../lib/gcc/arm-none-eabi/10.3.1/../../../../arm-none-eabi/lib/thumb/v7e-m+fp/hard\libc_nano.a(lib_a-fflush.o)
                0x0000000008005798                __sflush_r
 .text._fflush_r
                0x00000000080058a4       0x78 c:/dani/magang/stm32cubeide_1.11.0/stm32cubeide/plugins/com.st.stm32cube.ide.mcu.externaltools.gnu-tools-for-stm32.10.3-2021.10.win32_1.0.100.202210260954/tools/bin/../lib/gcc/arm-none-eabi/10.3.1/../../../../arm-none-eabi/lib/thumb/v7e-m+fp/hard\libc_nano.a(lib_a-fflush.o)
                0x00000000080058a4                _fflush_r
 .text.std      0x000000000800591c       0x48 c:/dani/magang/stm32cubeide_1.11.0/stm32cubeide/plugins/com.st.stm32cube.ide.mcu.externaltools.gnu-tools-for-stm32.10.3-2021.10.win32_1.0.100.202210260954/tools/bin/../lib/gcc/arm-none-eabi/10.3.1/../../../../arm-none-eabi/lib/thumb/v7e-m+fp/hard\libc_nano.a(lib_a-findfp.o)
 .text._cleanup_r
                0x0000000008005964        0xc c:/dani/magang/stm32cubeide_1.11.0/stm32cubeide/plugins/com.st.stm32cube.ide.mcu.externaltools.gnu-tools-for-stm32.10.3-2021.10.win32_1.0.100.202210260954/tools/bin/../lib/gcc/arm-none-eabi/10.3.1/../../../../arm-none-eabi/lib/thumb/v7e-m+fp/hard\libc_nano.a(lib_a-findfp.o)
                0x0000000008005964                _cleanup_r
 .text.__sfmoreglue
                0x0000000008005970       0x2c c:/dani/magang/stm32cubeide_1.11.0/stm32cubeide/plugins/com.st.stm32cube.ide.mcu.externaltools.gnu-tools-for-stm32.10.3-2021.10.win32_1.0.100.202210260954/tools/bin/../lib/gcc/arm-none-eabi/10.3.1/../../../../arm-none-eabi/lib/thumb/v7e-m+fp/hard\libc_nano.a(lib_a-findfp.o)
                0x0000000008005970                __sfmoreglue
 .text.__sfp_lock_acquire
                0x000000000800599c        0xc c:/dani/magang/stm32cubeide_1.11.0/stm32cubeide/plugins/com.st.stm32cube.ide.mcu.externaltools.gnu-tools-for-stm32.10.3-2021.10.win32_1.0.100.202210260954/tools/bin/../lib/gcc/arm-none-eabi/10.3.1/../../../../arm-none-eabi/lib/thumb/v7e-m+fp/hard\libc_nano.a(lib_a-findfp.o)
                0x000000000800599c                __sfp_lock_acquire
 .text.__sfp_lock_release
                0x00000000080059a8        0xc c:/dani/magang/stm32cubeide_1.11.0/stm32cubeide/plugins/com.st.stm32cube.ide.mcu.externaltools.gnu-tools-for-stm32.10.3-2021.10.win32_1.0.100.202210260954/tools/bin/../lib/gcc/arm-none-eabi/10.3.1/../../../../arm-none-eabi/lib/thumb/v7e-m+fp/hard\libc_nano.a(lib_a-findfp.o)
                0x00000000080059a8                __sfp_lock_release
 .text.__sinit_lock_acquire
                0x00000000080059b4        0xc c:/dani/magang/stm32cubeide_1.11.0/stm32cubeide/plugins/com.st.stm32cube.ide.mcu.externaltools.gnu-tools-for-stm32.10.3-2021.10.win32_1.0.100.202210260954/tools/bin/../lib/gcc/arm-none-eabi/10.3.1/../../../../arm-none-eabi/lib/thumb/v7e-m+fp/hard\libc_nano.a(lib_a-findfp.o)
                0x00000000080059b4                __sinit_lock_acquire
 .text.__sinit_lock_release
                0x00000000080059c0        0xc c:/dani/magang/stm32cubeide_1.11.0/stm32cubeide/plugins/com.st.stm32cube.ide.mcu.externaltools.gnu-tools-for-stm32.10.3-2021.10.win32_1.0.100.202210260954/tools/bin/../lib/gcc/arm-none-eabi/10.3.1/../../../../arm-none-eabi/lib/thumb/v7e-m+fp/hard\libc_nano.a(lib_a-findfp.o)
                0x00000000080059c0                __sinit_lock_release
 .text.__sinit  0x00000000080059cc       0x70 c:/dani/magang/stm32cubeide_1.11.0/stm32cubeide/plugins/com.st.stm32cube.ide.mcu.externaltools.gnu-tools-for-stm32.10.3-2021.10.win32_1.0.100.202210260954/tools/bin/../lib/gcc/arm-none-eabi/10.3.1/../../../../arm-none-eabi/lib/thumb/v7e-m+fp/hard\libc_nano.a(lib_a-findfp.o)
                0x00000000080059cc                __sinit
 .text.__sfp    0x0000000008005a3c       0x8c c:/dani/magang/stm32cubeide_1.11.0/stm32cubeide/plugins/com.st.stm32cube.ide.mcu.externaltools.gnu-tools-for-stm32.10.3-2021.10.win32_1.0.100.202210260954/tools/bin/../lib/gcc/arm-none-eabi/10.3.1/../../../../arm-none-eabi/lib/thumb/v7e-m+fp/hard\libc_nano.a(lib_a-findfp.o)
                0x0000000008005a3c                __sfp
 .text._fwalk_reent
                0x0000000008005ac8       0x3e c:/dani/magang/stm32cubeide_1.11.0/stm32cubeide/plugins/com.st.stm32cube.ide.mcu.externaltools.gnu-tools-for-stm32.10.3-2021.10.win32_1.0.100.202210260954/tools/bin/../lib/gcc/arm-none-eabi/10.3.1/../../../../arm-none-eabi/lib/thumb/v7e-m+fp/hard\libc_nano.a(lib_a-fwalk.o)
                0x0000000008005ac8                _fwalk_reent
 .text.__retarget_lock_init_recursive
                0x0000000008005b06        0x2 c:/dani/magang/stm32cubeide_1.11.0/stm32cubeide/plugins/com.st.stm32cube.ide.mcu.externaltools.gnu-tools-for-stm32.10.3-2021.10.win32_1.0.100.202210260954/tools/bin/../lib/gcc/arm-none-eabi/10.3.1/../../../../arm-none-eabi/lib/thumb/v7e-m+fp/hard\libc_nano.a(lib_a-lock.o)
                0x0000000008005b06                __retarget_lock_init_recursive
 .text.__retarget_lock_acquire_recursive
                0x0000000008005b08        0x2 c:/dani/magang/stm32cubeide_1.11.0/stm32cubeide/plugins/com.st.stm32cube.ide.mcu.externaltools.gnu-tools-for-stm32.10.3-2021.10.win32_1.0.100.202210260954/tools/bin/../lib/gcc/arm-none-eabi/10.3.1/../../../../arm-none-eabi/lib/thumb/v7e-m+fp/hard\libc_nano.a(lib_a-lock.o)
                0x0000000008005b08                __retarget_lock_acquire_recursive
 .text.__retarget_lock_release_recursive
                0x0000000008005b0a        0x2 c:/dani/magang/stm32cubeide_1.11.0/stm32cubeide/plugins/com.st.stm32cube.ide.mcu.externaltools.gnu-tools-for-stm32.10.3-2021.10.win32_1.0.100.202210260954/tools/bin/../lib/gcc/arm-none-eabi/10.3.1/../../../../arm-none-eabi/lib/thumb/v7e-m+fp/hard\libc_nano.a(lib_a-lock.o)
                0x0000000008005b0a                __retarget_lock_release_recursive
 .text.__swhatbuf_r
                0x0000000008005b0c       0x4a c:/dani/magang/stm32cubeide_1.11.0/stm32cubeide/plugins/com.st.stm32cube.ide.mcu.externaltools.gnu-tools-for-stm32.10.3-2021.10.win32_1.0.100.202210260954/tools/bin/../lib/gcc/arm-none-eabi/10.3.1/../../../../arm-none-eabi/lib/thumb/v7e-m+fp/hard\libc_nano.a(lib_a-makebuf.o)
                0x0000000008005b0c                __swhatbuf_r
 *fill*         0x0000000008005b56        0x2 
 .text.__smakebuf_r
                0x0000000008005b58       0x80 c:/dani/magang/stm32cubeide_1.11.0/stm32cubeide/plugins/com.st.stm32cube.ide.mcu.externaltools.gnu-tools-for-stm32.10.3-2021.10.win32_1.0.100.202210260954/tools/bin/../lib/gcc/arm-none-eabi/10.3.1/../../../../arm-none-eabi/lib/thumb/v7e-m+fp/hard\libc_nano.a(lib_a-makebuf.o)
                0x0000000008005b58                __smakebuf_r
 .text._free_r  0x0000000008005bd8       0x98 c:/dani/magang/stm32cubeide_1.11.0/stm32cubeide/plugins/com.st.stm32cube.ide.mcu.externaltools.gnu-tools-for-stm32.10.3-2021.10.win32_1.0.100.202210260954/tools/bin/../lib/gcc/arm-none-eabi/10.3.1/../../../../arm-none-eabi/lib/thumb/v7e-m+fp/hard\libc_nano.a(lib_a-nano-freer.o)
                0x0000000008005bd8                _free_r
 .text.sbrk_aligned
                0x0000000008005c70       0x40 c:/dani/magang/stm32cubeide_1.11.0/stm32cubeide/plugins/com.st.stm32cube.ide.mcu.externaltools.gnu-tools-for-stm32.10.3-2021.10.win32_1.0.100.202210260954/tools/bin/../lib/gcc/arm-none-eabi/10.3.1/../../../../arm-none-eabi/lib/thumb/v7e-m+fp/hard\libc_nano.a(lib_a-nano-mallocr.o)
 .text._malloc_r
                0x0000000008005cb0       0xe8 c:/dani/magang/stm32cubeide_1.11.0/stm32cubeide/plugins/com.st.stm32cube.ide.mcu.externaltools.gnu-tools-for-stm32.10.3-2021.10.win32_1.0.100.202210260954/tools/bin/../lib/gcc/arm-none-eabi/10.3.1/../../../../arm-none-eabi/lib/thumb/v7e-m+fp/hard\libc_nano.a(lib_a-nano-mallocr.o)
                0x0000000008005cb0                _malloc_r
 .text._sbrk_r  0x0000000008005d98       0x20 c:/dani/magang/stm32cubeide_1.11.0/stm32cubeide/plugins/com.st.stm32cube.ide.mcu.externaltools.gnu-tools-for-stm32.10.3-2021.10.win32_1.0.100.202210260954/tools/bin/../lib/gcc/arm-none-eabi/10.3.1/../../../../arm-none-eabi/lib/thumb/v7e-m+fp/hard\libc_nano.a(lib_a-sbrkr.o)
                0x0000000008005d98                _sbrk_r
 .text.__sread  0x0000000008005db8       0x22 c:/dani/magang/stm32cubeide_1.11.0/stm32cubeide/plugins/com.st.stm32cube.ide.mcu.externaltools.gnu-tools-for-stm32.10.3-2021.10.win32_1.0.100.202210260954/tools/bin/../lib/gcc/arm-none-eabi/10.3.1/../../../../arm-none-eabi/lib/thumb/v7e-m+fp/hard\libc_nano.a(lib_a-stdio.o)
                0x0000000008005db8                __sread
 .text.__swrite
                0x0000000008005dda       0x38 c:/dani/magang/stm32cubeide_1.11.0/stm32cubeide/plugins/com.st.stm32cube.ide.mcu.externaltools.gnu-tools-for-stm32.10.3-2021.10.win32_1.0.100.202210260954/tools/bin/../lib/gcc/arm-none-eabi/10.3.1/../../../../arm-none-eabi/lib/thumb/v7e-m+fp/hard\libc_nano.a(lib_a-stdio.o)
                0x0000000008005dda                __swrite
 .text.__sseek  0x0000000008005e12       0x24 c:/dani/magang/stm32cubeide_1.11.0/stm32cubeide/plugins/com.st.stm32cube.ide.mcu.externaltools.gnu-tools-for-stm32.10.3-2021.10.win32_1.0.100.202210260954/tools/bin/../lib/gcc/arm-none-eabi/10.3.1/../../../../arm-none-eabi/lib/thumb/v7e-m+fp/hard\libc_nano.a(lib_a-stdio.o)
                0x0000000008005e12                __sseek
 .text.__sclose
                0x0000000008005e36        0x8 c:/dani/magang/stm32cubeide_1.11.0/stm32cubeide/plugins/com.st.stm32cube.ide.mcu.externaltools.gnu-tools-for-stm32.10.3-2021.10.win32_1.0.100.202210260954/tools/bin/../lib/gcc/arm-none-eabi/10.3.1/../../../../arm-none-eabi/lib/thumb/v7e-m+fp/hard\libc_nano.a(lib_a-stdio.o)
                0x0000000008005e36                __sclose
 *fill*         0x0000000008005e3e        0x2 
 .text._write_r
                0x0000000008005e40       0x24 c:/dani/magang/stm32cubeide_1.11.0/stm32cubeide/plugins/com.st.stm32cube.ide.mcu.externaltools.gnu-tools-for-stm32.10.3-2021.10.win32_1.0.100.202210260954/tools/bin/../lib/gcc/arm-none-eabi/10.3.1/../../../../arm-none-eabi/lib/thumb/v7e-m+fp/hard\libc_nano.a(lib_a-writer.o)
                0x0000000008005e40                _write_r
 .text._close_r
                0x0000000008005e64       0x20 c:/dani/magang/stm32cubeide_1.11.0/stm32cubeide/plugins/com.st.stm32cube.ide.mcu.externaltools.gnu-tools-for-stm32.10.3-2021.10.win32_1.0.100.202210260954/tools/bin/../lib/gcc/arm-none-eabi/10.3.1/../../../../arm-none-eabi/lib/thumb/v7e-m+fp/hard\libc_nano.a(lib_a-closer.o)
                0x0000000008005e64                _close_r
 .text._fstat_r
                0x0000000008005e84       0x24 c:/dani/magang/stm32cubeide_1.11.0/stm32cubeide/plugins/com.st.stm32cube.ide.mcu.externaltools.gnu-tools-for-stm32.10.3-2021.10.win32_1.0.100.202210260954/tools/bin/../lib/gcc/arm-none-eabi/10.3.1/../../../../arm-none-eabi/lib/thumb/v7e-m+fp/hard\libc_nano.a(lib_a-fstatr.o)
                0x0000000008005e84                _fstat_r
 .text._isatty_r
                0x0000000008005ea8       0x20 c:/dani/magang/stm32cubeide_1.11.0/stm32cubeide/plugins/com.st.stm32cube.ide.mcu.externaltools.gnu-tools-for-stm32.10.3-2021.10.win32_1.0.100.202210260954/tools/bin/../lib/gcc/arm-none-eabi/10.3.1/../../../../arm-none-eabi/lib/thumb/v7e-m+fp/hard\libc_nano.a(lib_a-isattyr.o)
                0x0000000008005ea8                _isatty_r
 .text._lseek_r
                0x0000000008005ec8       0x24 c:/dani/magang/stm32cubeide_1.11.0/stm32cubeide/plugins/com.st.stm32cube.ide.mcu.externaltools.gnu-tools-for-stm32.10.3-2021.10.win32_1.0.100.202210260954/tools/bin/../lib/gcc/arm-none-eabi/10.3.1/../../../../arm-none-eabi/lib/thumb/v7e-m+fp/hard\libc_nano.a(lib_a-lseekr.o)
                0x0000000008005ec8                _lseek_r
 .text.__malloc_lock
                0x0000000008005eec        0xc c:/dani/magang/stm32cubeide_1.11.0/stm32cubeide/plugins/com.st.stm32cube.ide.mcu.externaltools.gnu-tools-for-stm32.10.3-2021.10.win32_1.0.100.202210260954/tools/bin/../lib/gcc/arm-none-eabi/10.3.1/../../../../arm-none-eabi/lib/thumb/v7e-m+fp/hard\libc_nano.a(lib_a-mlock.o)
                0x0000000008005eec                __malloc_lock
 .text.__malloc_unlock
                0x0000000008005ef8        0xc c:/dani/magang/stm32cubeide_1.11.0/stm32cubeide/plugins/com.st.stm32cube.ide.mcu.externaltools.gnu-tools-for-stm32.10.3-2021.10.win32_1.0.100.202210260954/tools/bin/../lib/gcc/arm-none-eabi/10.3.1/../../../../arm-none-eabi/lib/thumb/v7e-m+fp/hard\libc_nano.a(lib_a-mlock.o)
                0x0000000008005ef8                __malloc_unlock
 .text._read_r  0x0000000008005f04       0x24 c:/dani/magang/stm32cubeide_1.11.0/stm32cubeide/plugins/com.st.stm32cube.ide.mcu.externaltools.gnu-tools-for-stm32.10.3-2021.10.win32_1.0.100.202210260954/tools/bin/../lib/gcc/arm-none-eabi/10.3.1/../../../../arm-none-eabi/lib/thumb/v7e-m+fp/hard\libc_nano.a(lib_a-readr.o)
                0x0000000008005f04                _read_r
 *(.glue_7)
 .glue_7        0x0000000008005f28        0x0 linker stubs
 *(.glue_7t)
 .glue_7t       0x0000000008005f28        0x0 linker stubs
 *(.eh_frame)
 .eh_frame      0x0000000008005f28        0x0 c:/dani/magang/stm32cubeide_1.11.0/stm32cubeide/plugins/com.st.stm32cube.ide.mcu.externaltools.gnu-tools-for-stm32.10.3-2021.10.win32_1.0.100.202210260954/tools/bin/../lib/gcc/arm-none-eabi/10.3.1/thumb/v7e-m+fp/hard/crtbegin.o
 *(.init)
 .init          0x0000000008005f28        0x4 c:/dani/magang/stm32cubeide_1.11.0/stm32cubeide/plugins/com.st.stm32cube.ide.mcu.externaltools.gnu-tools-for-stm32.10.3-2021.10.win32_1.0.100.202210260954/tools/bin/../lib/gcc/arm-none-eabi/10.3.1/thumb/v7e-m+fp/hard/crti.o
                0x0000000008005f28                _init
 .init          0x0000000008005f2c        0x8 c:/dani/magang/stm32cubeide_1.11.0/stm32cubeide/plugins/com.st.stm32cube.ide.mcu.externaltools.gnu-tools-for-stm32.10.3-2021.10.win32_1.0.100.202210260954/tools/bin/../lib/gcc/arm-none-eabi/10.3.1/thumb/v7e-m+fp/hard/crtn.o
 *(.fini)
 .fini          0x0000000008005f34        0x4 c:/dani/magang/stm32cubeide_1.11.0/stm32cubeide/plugins/com.st.stm32cube.ide.mcu.externaltools.gnu-tools-for-stm32.10.3-2021.10.win32_1.0.100.202210260954/tools/bin/../lib/gcc/arm-none-eabi/10.3.1/thumb/v7e-m+fp/hard/crti.o
                0x0000000008005f34                _fini
 .fini          0x0000000008005f38        0x8 c:/dani/magang/stm32cubeide_1.11.0/stm32cubeide/plugins/com.st.stm32cube.ide.mcu.externaltools.gnu-tools-for-stm32.10.3-2021.10.win32_1.0.100.202210260954/tools/bin/../lib/gcc/arm-none-eabi/10.3.1/thumb/v7e-m+fp/hard/crtn.o
                0x0000000008005f40                . = ALIGN (0x4)
                0x0000000008005f40                _etext = .

.vfp11_veneer   0x0000000008005f40        0x0
 .vfp11_veneer  0x0000000008005f40        0x0 linker stubs

.v4_bx          0x0000000008005f40        0x0
 .v4_bx         0x0000000008005f40        0x0 linker stubs

.iplt           0x0000000008005f40        0x0
 .iplt          0x0000000008005f40        0x0 c:/dani/magang/stm32cubeide_1.11.0/stm32cubeide/plugins/com.st.stm32cube.ide.mcu.externaltools.gnu-tools-for-stm32.10.3-2021.10.win32_1.0.100.202210260954/tools/bin/../lib/gcc/arm-none-eabi/10.3.1/thumb/v7e-m+fp/hard/crtbegin.o

.rodata         0x0000000008005f40      0x170
                0x0000000008005f40                . = ALIGN (0x4)
 *(.rodata)
 .rodata        0x0000000008005f40       0xeb ./Core/Src/main.o
 *(.rodata*)
 *fill*         0x000000000800602b        0x1 
 .rodata.AHBPrescTable
                0x000000000800602c       0x10 ./Core/Src/system_stm32f4xx.o
                0x000000000800602c                AHBPrescTable
 .rodata.APBPrescTable
                0x000000000800603c        0x8 ./Core/Src/system_stm32f4xx.o
                0x000000000800603c                APBPrescTable
 .rodata.flagBitshiftOffset.0
                0x0000000008006044        0x8 ./Drivers/STM32F4xx_HAL_Driver/Src/stm32f4xx_hal_dma.o
 .rodata._global_impure_ptr
                0x000000000800604c        0x4 c:/dani/magang/stm32cubeide_1.11.0/stm32cubeide/plugins/com.st.stm32cube.ide.mcu.externaltools.gnu-tools-for-stm32.10.3-2021.10.win32_1.0.100.202210260954/tools/bin/../lib/gcc/arm-none-eabi/10.3.1/../../../../arm-none-eabi/lib/thumb/v7e-m+fp/hard\libc_nano.a(lib_a-impure.o)
                0x000000000800604c                _global_impure_ptr
 .rodata.__sf_fake_stderr
                0x0000000008006050       0x20 c:/dani/magang/stm32cubeide_1.11.0/stm32cubeide/plugins/com.st.stm32cube.ide.mcu.externaltools.gnu-tools-for-stm32.10.3-2021.10.win32_1.0.100.202210260954/tools/bin/../lib/gcc/arm-none-eabi/10.3.1/../../../../arm-none-eabi/lib/thumb/v7e-m+fp/hard\libc_nano.a(lib_a-findfp.o)
                0x0000000008006050                __sf_fake_stderr
 .rodata.__sf_fake_stdin
                0x0000000008006070       0x20 c:/dani/magang/stm32cubeide_1.11.0/stm32cubeide/plugins/com.st.stm32cube.ide.mcu.externaltools.gnu-tools-for-stm32.10.3-2021.10.win32_1.0.100.202210260954/tools/bin/../lib/gcc/arm-none-eabi/10.3.1/../../../../arm-none-eabi/lib/thumb/v7e-m+fp/hard\libc_nano.a(lib_a-findfp.o)
                0x0000000008006070                __sf_fake_stdin
 .rodata.__sf_fake_stdout
                0x0000000008006090       0x20 c:/dani/magang/stm32cubeide_1.11.0/stm32cubeide/plugins/com.st.stm32cube.ide.mcu.externaltools.gnu-tools-for-stm32.10.3-2021.10.win32_1.0.100.202210260954/tools/bin/../lib/gcc/arm-none-eabi/10.3.1/../../../../arm-none-eabi/lib/thumb/v7e-m+fp/hard\libc_nano.a(lib_a-findfp.o)
                0x0000000008006090                __sf_fake_stdout
                0x00000000080060b0                . = ALIGN (0x4)

.ARM.extab      0x00000000080060b0        0x0
                0x00000000080060b0                . = ALIGN (0x4)
 *(.ARM.extab* .gnu.linkonce.armextab.*)
                0x00000000080060b0                . = ALIGN (0x4)

.ARM            0x00000000080060b0        0x8
                0x00000000080060b0                . = ALIGN (0x4)
                0x00000000080060b0                __exidx_start = .
 *(.ARM.exidx*)
 .ARM.exidx     0x00000000080060b0        0x8 c:/dani/magang/stm32cubeide_1.11.0/stm32cubeide/plugins/com.st.stm32cube.ide.mcu.externaltools.gnu-tools-for-stm32.10.3-2021.10.win32_1.0.100.202210260954/tools/bin/../lib/gcc/arm-none-eabi/10.3.1/thumb/v7e-m+fp/hard\libgcc.a(_udivmoddi4.o)
                0x00000000080060b8                __exidx_end = .
                0x00000000080060b8                . = ALIGN (0x4)

.rel.dyn        0x00000000080060b8        0x0
 .rel.iplt      0x00000000080060b8        0x0 c:/dani/magang/stm32cubeide_1.11.0/stm32cubeide/plugins/com.st.stm32cube.ide.mcu.externaltools.gnu-tools-for-stm32.10.3-2021.10.win32_1.0.100.202210260954/tools/bin/../lib/gcc/arm-none-eabi/10.3.1/thumb/v7e-m+fp/hard/crtbegin.o

.preinit_array  0x00000000080060b8        0x0
                0x00000000080060b8                . = ALIGN (0x4)
                0x00000000080060b8                PROVIDE (__preinit_array_start = .)
 *(.preinit_array*)
                0x00000000080060b8                PROVIDE (__preinit_array_end = .)
                0x00000000080060b8                . = ALIGN (0x4)

.init_array     0x00000000080060b8        0x4
                0x00000000080060b8                . = ALIGN (0x4)
                0x00000000080060b8                PROVIDE (__init_array_start = .)
 *(SORT_BY_NAME(.init_array.*))
 *(.init_array*)
 .init_array    0x00000000080060b8        0x4 c:/dani/magang/stm32cubeide_1.11.0/stm32cubeide/plugins/com.st.stm32cube.ide.mcu.externaltools.gnu-tools-for-stm32.10.3-2021.10.win32_1.0.100.202210260954/tools/bin/../lib/gcc/arm-none-eabi/10.3.1/thumb/v7e-m+fp/hard/crtbegin.o
                0x00000000080060bc                PROVIDE (__init_array_end = .)
                0x00000000080060bc                . = ALIGN (0x4)

.fini_array     0x00000000080060bc        0x4
                0x00000000080060bc                . = ALIGN (0x4)
                [!provide]                        PROVIDE (__fini_array_start = .)
 *(SORT_BY_NAME(.fini_array.*))
 *(.fini_array*)
 .fini_array    0x00000000080060bc        0x4 c:/dani/magang/stm32cubeide_1.11.0/stm32cubeide/plugins/com.st.stm32cube.ide.mcu.externaltools.gnu-tools-for-stm32.10.3-2021.10.win32_1.0.100.202210260954/tools/bin/../lib/gcc/arm-none-eabi/10.3.1/thumb/v7e-m+fp/hard/crtbegin.o
                [!provide]                        PROVIDE (__fini_array_end = .)
                0x00000000080060c0                . = ALIGN (0x4)
                0x00000000080060c0                _sidata = LOADADDR (.data)

.data           0x0000000020000000      0x100 load address 0x00000000080060c0
                0x0000000020000000                . = ALIGN (0x4)
                0x0000000020000000                _sdata = .
 *(.data)
 *(.data*)
 .data.aTxBuffer
                0x0000000020000000       0x2c ./Core/Src/main.o
                0x0000000020000000                aTxBuffer
 .data.SystemCoreClock
                0x000000002000002c        0x4 ./Core/Src/system_stm32f4xx.o
                0x000000002000002c                SystemCoreClock
 .data.str_cfg_header
                0x0000000020000030       0x64 ./Core/Src/uart_prog.o
 .data.uwTickPrio
                0x0000000020000094        0x4 ./Drivers/STM32F4xx_HAL_Driver/Src/stm32f4xx_hal.o
                0x0000000020000094                uwTickPrio
 .data.uwTickFreq
                0x0000000020000098        0x1 ./Drivers/STM32F4xx_HAL_Driver/Src/stm32f4xx_hal.o
                0x0000000020000098                uwTickFreq
 *fill*         0x0000000020000099        0x3 
 .data._impure_ptr
                0x000000002000009c        0x4 c:/dani/magang/stm32cubeide_1.11.0/stm32cubeide/plugins/com.st.stm32cube.ide.mcu.externaltools.gnu-tools-for-stm32.10.3-2021.10.win32_1.0.100.202210260954/tools/bin/../lib/gcc/arm-none-eabi/10.3.1/../../../../arm-none-eabi/lib/thumb/v7e-m+fp/hard\libc_nano.a(lib_a-impure.o)
                0x000000002000009c                _impure_ptr
 .data.impure_data
                0x00000000200000a0       0x60 c:/dani/magang/stm32cubeide_1.11.0/stm32cubeide/plugins/com.st.stm32cube.ide.mcu.externaltools.gnu-tools-for-stm32.10.3-2021.10.win32_1.0.100.202210260954/tools/bin/../lib/gcc/arm-none-eabi/10.3.1/../../../../arm-none-eabi/lib/thumb/v7e-m+fp/hard\libc_nano.a(lib_a-impure.o)
 *(.RamFunc)
 *(.RamFunc*)
                0x0000000020000100                . = ALIGN (0x4)
                0x0000000020000100                _edata = .

.igot.plt       0x0000000020000100        0x0 load address 0x00000000080061c0
 .igot.plt      0x0000000020000100        0x0 c:/dani/magang/stm32cubeide_1.11.0/stm32cubeide/plugins/com.st.stm32cube.ide.mcu.externaltools.gnu-tools-for-stm32.10.3-2021.10.win32_1.0.100.202210260954/tools/bin/../lib/gcc/arm-none-eabi/10.3.1/thumb/v7e-m+fp/hard/crtbegin.o
                0x0000000020000100                . = ALIGN (0x4)

.bss            0x0000000020000100      0x7dc load address 0x00000000080061c0
                0x0000000020000100                _sbss = .
                0x0000000020000100                __bss_start__ = _sbss
 *(.bss)
 .bss           0x0000000020000100       0x1c c:/dani/magang/stm32cubeide_1.11.0/stm32cubeide/plugins/com.st.stm32cube.ide.mcu.externaltools.gnu-tools-for-stm32.10.3-2021.10.win32_1.0.100.202210260954/tools/bin/../lib/gcc/arm-none-eabi/10.3.1/thumb/v7e-m+fp/hard/crtbegin.o
 *(.bss*)
 .bss.hspi2     0x000000002000011c       0x58 ./Core/Src/main.o
                0x000000002000011c                hspi2
 .bss.hdma_usart2_rx
                0x0000000020000174       0x60 ./Core/Src/main.o
                0x0000000020000174                hdma_usart2_rx
 .bss.huart2    0x00000000200001d4       0x44 ./Core/Src/main.o
                0x00000000200001d4                huart2
 .bss.u8arr_eventBuff
                0x0000000020000218      0x200 ./Core/Src/main.o
 .bss.u8arr_uartEvent
                0x0000000020000418      0x200 ./Core/Src/main.o
 .bss.u16_oldPos
                0x0000000020000618        0x2 ./Core/Src/main.o
 .bss.u16_lenCnt
                0x000000002000061a        0x2 ./Core/Src/main.o
 .bss.aRxBuffer
                0x000000002000061c       0x2c ./Core/Src/main.o
                0x000000002000061c                aRxBuffer
 .bss.sendStr   0x0000000020000648      0x200 ./Core/Src/main.o
                0x0000000020000648                sendStr
 .bss.temp      0x0000000020000848       0x78 ./Core/Src/main.o
                0x0000000020000848                temp
 .bss.bitFlag   0x00000000200008c0        0x2 ./Core/Src/main.o
                0x00000000200008c0                bitFlag
 .bss.spi2F     0x00000000200008c2        0x1 ./Core/Src/main.o
                0x00000000200008c2                spi2F
 *fill*         0x00000000200008c3        0x1 
 .bss.__sbrk_heap_end
                0x00000000200008c4        0x4 ./Core/Src/sysmem.o
 .bss.uwTick    0x00000000200008c8        0x4 ./Drivers/STM32F4xx_HAL_Driver/Src/stm32f4xx_hal.o
                0x00000000200008c8                uwTick
 .bss.__lock___malloc_recursive_mutex
                0x00000000200008cc        0x1 c:/dani/magang/stm32cubeide_1.11.0/stm32cubeide/plugins/com.st.stm32cube.ide.mcu.externaltools.gnu-tools-for-stm32.10.3-2021.10.win32_1.0.100.202210260954/tools/bin/../lib/gcc/arm-none-eabi/10.3.1/../../../../arm-none-eabi/lib/thumb/v7e-m+fp/hard\libc_nano.a(lib_a-lock.o)
                0x00000000200008cc                __lock___malloc_recursive_mutex
 .bss.__lock___sfp_recursive_mutex
                0x00000000200008cd        0x1 c:/dani/magang/stm32cubeide_1.11.0/stm32cubeide/plugins/com.st.stm32cube.ide.mcu.externaltools.gnu-tools-for-stm32.10.3-2021.10.win32_1.0.100.202210260954/tools/bin/../lib/gcc/arm-none-eabi/10.3.1/../../../../arm-none-eabi/lib/thumb/v7e-m+fp/hard\libc_nano.a(lib_a-lock.o)
                0x00000000200008cd                __lock___sfp_recursive_mutex
 .bss.__lock___sinit_recursive_mutex
                0x00000000200008ce        0x1 c:/dani/magang/stm32cubeide_1.11.0/stm32cubeide/plugins/com.st.stm32cube.ide.mcu.externaltools.gnu-tools-for-stm32.10.3-2021.10.win32_1.0.100.202210260954/tools/bin/../lib/gcc/arm-none-eabi/10.3.1/../../../../arm-none-eabi/lib/thumb/v7e-m+fp/hard\libc_nano.a(lib_a-lock.o)
                0x00000000200008ce                __lock___sinit_recursive_mutex
 *fill*         0x00000000200008cf        0x1 
 .bss.__malloc_free_list
                0x00000000200008d0        0x4 c:/dani/magang/stm32cubeide_1.11.0/stm32cubeide/plugins/com.st.stm32cube.ide.mcu.externaltools.gnu-tools-for-stm32.10.3-2021.10.win32_1.0.100.202210260954/tools/bin/../lib/gcc/arm-none-eabi/10.3.1/../../../../arm-none-eabi/lib/thumb/v7e-m+fp/hard\libc_nano.a(lib_a-nano-mallocr.o)
                0x00000000200008d0                __malloc_free_list
 .bss.__malloc_sbrk_start
                0x00000000200008d4        0x4 c:/dani/magang/stm32cubeide_1.11.0/stm32cubeide/plugins/com.st.stm32cube.ide.mcu.externaltools.gnu-tools-for-stm32.10.3-2021.10.win32_1.0.100.202210260954/tools/bin/../lib/gcc/arm-none-eabi/10.3.1/../../../../arm-none-eabi/lib/thumb/v7e-m+fp/hard\libc_nano.a(lib_a-nano-mallocr.o)
                0x00000000200008d4                __malloc_sbrk_start
 .bss.errno     0x00000000200008d8        0x4 c:/dani/magang/stm32cubeide_1.11.0/stm32cubeide/plugins/com.st.stm32cube.ide.mcu.externaltools.gnu-tools-for-stm32.10.3-2021.10.win32_1.0.100.202210260954/tools/bin/../lib/gcc/arm-none-eabi/10.3.1/../../../../arm-none-eabi/lib/thumb/v7e-m+fp/hard\libc_nano.a(lib_a-reent.o)
                0x00000000200008d8                errno
 *(COMMON)
                0x00000000200008dc                . = ALIGN (0x4)
                0x00000000200008dc                _ebss = .
                0x00000000200008dc                __bss_end__ = _ebss

._user_heap_stack
                0x00000000200008dc      0x604 load address 0x00000000080061c0
                0x00000000200008e0                . = ALIGN (0x8)
 *fill*         0x00000000200008dc        0x4 
                [!provide]                        PROVIDE (end = .)
                0x00000000200008e0                PROVIDE (_end = .)
                0x0000000020000ae0                . = (. + _Min_Heap_Size)
 *fill*         0x00000000200008e0      0x200 
                0x0000000020000ee0                . = (. + _Min_Stack_Size)
 *fill*         0x0000000020000ae0      0x400 
                0x0000000020000ee0                . = ALIGN (0x8)

/DISCARD/
 libc.a(*)
 libm.a(*)
 libgcc.a(*)

.ARM.attributes
                0x0000000000000000       0x30
 *(.ARM.attributes)
 .ARM.attributes
                0x0000000000000000       0x1e c:/dani/magang/stm32cubeide_1.11.0/stm32cubeide/plugins/com.st.stm32cube.ide.mcu.externaltools.gnu-tools-for-stm32.10.3-2021.10.win32_1.0.100.202210260954/tools/bin/../lib/gcc/arm-none-eabi/10.3.1/thumb/v7e-m+fp/hard/crti.o
 .ARM.attributes
                0x000000000000001e       0x34 c:/dani/magang/stm32cubeide_1.11.0/stm32cubeide/plugins/com.st.stm32cube.ide.mcu.externaltools.gnu-tools-for-stm32.10.3-2021.10.win32_1.0.100.202210260954/tools/bin/../lib/gcc/arm-none-eabi/10.3.1/thumb/v7e-m+fp/hard/crtbegin.o
 .ARM.attributes
                0x0000000000000052       0x34 ./Core/Src/main.o
 .ARM.attributes
                0x0000000000000086       0x34 ./Core/Src/stm32f4xx_hal_msp.o
 .ARM.attributes
                0x00000000000000ba       0x34 ./Core/Src/stm32f4xx_it.o
 .ARM.attributes
                0x00000000000000ee       0x34 ./Core/Src/syscalls.o
 .ARM.attributes
                0x0000000000000122       0x34 ./Core/Src/sysmem.o
 .ARM.attributes
                0x0000000000000156       0x34 ./Core/Src/system_stm32f4xx.o
 .ARM.attributes
                0x000000000000018a       0x34 ./Core/Src/uart_prog.o
 .ARM.attributes
                0x00000000000001be       0x21 ./Core/Startup/startup_stm32f446retx.o
 .ARM.attributes
                0x00000000000001df       0x34 ./Drivers/STM32F4xx_HAL_Driver/Src/stm32f4xx_hal.o
 .ARM.attributes
                0x0000000000000213       0x34 ./Drivers/STM32F4xx_HAL_Driver/Src/stm32f4xx_hal_cortex.o
 .ARM.attributes
                0x0000000000000247       0x34 ./Drivers/STM32F4xx_HAL_Driver/Src/stm32f4xx_hal_dma.o
 .ARM.attributes
                0x000000000000027b       0x34 ./Drivers/STM32F4xx_HAL_Driver/Src/stm32f4xx_hal_gpio.o
 .ARM.attributes
                0x00000000000002af       0x34 ./Drivers/STM32F4xx_HAL_Driver/Src/stm32f4xx_hal_rcc.o
 .ARM.attributes
                0x00000000000002e3       0x34 ./Drivers/STM32F4xx_HAL_Driver/Src/stm32f4xx_hal_rcc_ex.o
 .ARM.attributes
                0x0000000000000317       0x34 ./Drivers/STM32F4xx_HAL_Driver/Src/stm32f4xx_hal_spi.o
 .ARM.attributes
                0x000000000000034b       0x34 ./Drivers/STM32F4xx_HAL_Driver/Src/stm32f4xx_hal_uart.o
 .ARM.attributes
                0x000000000000037f       0x34 c:/dani/magang/stm32cubeide_1.11.0/stm32cubeide/plugins/com.st.stm32cube.ide.mcu.externaltools.gnu-tools-for-stm32.10.3-2021.10.win32_1.0.100.202210260954/tools/bin/../lib/gcc/arm-none-eabi/10.3.1/../../../../arm-none-eabi/lib/thumb/v7e-m+fp/hard\libc_nano.a(lib_a-errno.o)
 .ARM.attributes
                0x00000000000003b3       0x34 c:/dani/magang/stm32cubeide_1.11.0/stm32cubeide/plugins/com.st.stm32cube.ide.mcu.externaltools.gnu-tools-for-stm32.10.3-2021.10.win32_1.0.100.202210260954/tools/bin/../lib/gcc/arm-none-eabi/10.3.1/../../../../arm-none-eabi/lib/thumb/v7e-m+fp/hard\libc_nano.a(lib_a-impure.o)
 .ARM.attributes
                0x00000000000003e7       0x34 c:/dani/magang/stm32cubeide_1.11.0/stm32cubeide/plugins/com.st.stm32cube.ide.mcu.externaltools.gnu-tools-for-stm32.10.3-2021.10.win32_1.0.100.202210260954/tools/bin/../lib/gcc/arm-none-eabi/10.3.1/../../../../arm-none-eabi/lib/thumb/v7e-m+fp/hard\libc_nano.a(lib_a-init.o)
 .ARM.attributes
                0x000000000000041b       0x34 c:/dani/magang/stm32cubeide_1.11.0/stm32cubeide/plugins/com.st.stm32cube.ide.mcu.externaltools.gnu-tools-for-stm32.10.3-2021.10.win32_1.0.100.202210260954/tools/bin/../lib/gcc/arm-none-eabi/10.3.1/../../../../arm-none-eabi/lib/thumb/v7e-m+fp/hard\libc_nano.a(lib_a-memcmp.o)
 .ARM.attributes
                0x000000000000044f       0x34 c:/dani/magang/stm32cubeide_1.11.0/stm32cubeide/plugins/com.st.stm32cube.ide.mcu.externaltools.gnu-tools-for-stm32.10.3-2021.10.win32_1.0.100.202210260954/tools/bin/../lib/gcc/arm-none-eabi/10.3.1/../../../../arm-none-eabi/lib/thumb/v7e-m+fp/hard\libc_nano.a(lib_a-memcpy-stub.o)
 .ARM.attributes
                0x0000000000000483       0x34 c:/dani/magang/stm32cubeide_1.11.0/stm32cubeide/plugins/com.st.stm32cube.ide.mcu.externaltools.gnu-tools-for-stm32.10.3-2021.10.win32_1.0.100.202210260954/tools/bin/../lib/gcc/arm-none-eabi/10.3.1/../../../../arm-none-eabi/lib/thumb/v7e-m+fp/hard\libc_nano.a(lib_a-memset.o)
 .ARM.attributes
                0x00000000000004b7       0x34 c:/dani/magang/stm32cubeide_1.11.0/stm32cubeide/plugins/com.st.stm32cube.ide.mcu.externaltools.gnu-tools-for-stm32.10.3-2021.10.win32_1.0.100.202210260954/tools/bin/../lib/gcc/arm-none-eabi/10.3.1/../../../../arm-none-eabi/lib/thumb/v7e-m+fp/hard\libc_nano.a(lib_a-puts.o)
 .ARM.attributes
                0x00000000000004eb       0x34 c:/dani/magang/stm32cubeide_1.11.0/stm32cubeide/plugins/com.st.stm32cube.ide.mcu.externaltools.gnu-tools-for-stm32.10.3-2021.10.win32_1.0.100.202210260954/tools/bin/../lib/gcc/arm-none-eabi/10.3.1/../../../../arm-none-eabi/lib/thumb/v7e-m+fp/hard\libc_nano.a(lib_a-wbuf.o)
 .ARM.attributes
                0x000000000000051f       0x34 c:/dani/magang/stm32cubeide_1.11.0/stm32cubeide/plugins/com.st.stm32cube.ide.mcu.externaltools.gnu-tools-for-stm32.10.3-2021.10.win32_1.0.100.202210260954/tools/bin/../lib/gcc/arm-none-eabi/10.3.1/../../../../arm-none-eabi/lib/thumb/v7e-m+fp/hard\libc_nano.a(lib_a-wsetup.o)
 .ARM.attributes
                0x0000000000000553       0x34 c:/dani/magang/stm32cubeide_1.11.0/stm32cubeide/plugins/com.st.stm32cube.ide.mcu.externaltools.gnu-tools-for-stm32.10.3-2021.10.win32_1.0.100.202210260954/tools/bin/../lib/gcc/arm-none-eabi/10.3.1/../../../../arm-none-eabi/lib/thumb/v7e-m+fp/hard\libc_nano.a(lib_a-fflush.o)
 .ARM.attributes
                0x0000000000000587       0x34 c:/dani/magang/stm32cubeide_1.11.0/stm32cubeide/plugins/com.st.stm32cube.ide.mcu.externaltools.gnu-tools-for-stm32.10.3-2021.10.win32_1.0.100.202210260954/tools/bin/../lib/gcc/arm-none-eabi/10.3.1/../../../../arm-none-eabi/lib/thumb/v7e-m+fp/hard\libc_nano.a(lib_a-findfp.o)
 .ARM.attributes
                0x00000000000005bb       0x34 c:/dani/magang/stm32cubeide_1.11.0/stm32cubeide/plugins/com.st.stm32cube.ide.mcu.externaltools.gnu-tools-for-stm32.10.3-2021.10.win32_1.0.100.202210260954/tools/bin/../lib/gcc/arm-none-eabi/10.3.1/../../../../arm-none-eabi/lib/thumb/v7e-m+fp/hard\libc_nano.a(lib_a-fwalk.o)
 .ARM.attributes
                0x00000000000005ef       0x34 c:/dani/magang/stm32cubeide_1.11.0/stm32cubeide/plugins/com.st.stm32cube.ide.mcu.externaltools.gnu-tools-for-stm32.10.3-2021.10.win32_1.0.100.202210260954/tools/bin/../lib/gcc/arm-none-eabi/10.3.1/../../../../arm-none-eabi/lib/thumb/v7e-m+fp/hard\libc_nano.a(lib_a-lock.o)
 .ARM.attributes
                0x0000000000000623       0x34 c:/dani/magang/stm32cubeide_1.11.0/stm32cubeide/plugins/com.st.stm32cube.ide.mcu.externaltools.gnu-tools-for-stm32.10.3-2021.10.win32_1.0.100.202210260954/tools/bin/../lib/gcc/arm-none-eabi/10.3.1/../../../../arm-none-eabi/lib/thumb/v7e-m+fp/hard\libc_nano.a(lib_a-makebuf.o)
 .ARM.attributes
                0x0000000000000657       0x34 c:/dani/magang/stm32cubeide_1.11.0/stm32cubeide/plugins/com.st.stm32cube.ide.mcu.externaltools.gnu-tools-for-stm32.10.3-2021.10.win32_1.0.100.202210260954/tools/bin/../lib/gcc/arm-none-eabi/10.3.1/../../../../arm-none-eabi/lib/thumb/v7e-m+fp/hard\libc_nano.a(lib_a-nano-freer.o)
 .ARM.attributes
                0x000000000000068b       0x34 c:/dani/magang/stm32cubeide_1.11.0/stm32cubeide/plugins/com.st.stm32cube.ide.mcu.externaltools.gnu-tools-for-stm32.10.3-2021.10.win32_1.0.100.202210260954/tools/bin/../lib/gcc/arm-none-eabi/10.3.1/../../../../arm-none-eabi/lib/thumb/v7e-m+fp/hard\libc_nano.a(lib_a-nano-mallocr.o)
 .ARM.attributes
                0x00000000000006bf       0x34 c:/dani/magang/stm32cubeide_1.11.0/stm32cubeide/plugins/com.st.stm32cube.ide.mcu.externaltools.gnu-tools-for-stm32.10.3-2021.10.win32_1.0.100.202210260954/tools/bin/../lib/gcc/arm-none-eabi/10.3.1/../../../../arm-none-eabi/lib/thumb/v7e-m+fp/hard\libc_nano.a(lib_a-sbrkr.o)
 .ARM.attributes
                0x00000000000006f3       0x34 c:/dani/magang/stm32cubeide_1.11.0/stm32cubeide/plugins/com.st.stm32cube.ide.mcu.externaltools.gnu-tools-for-stm32.10.3-2021.10.win32_1.0.100.202210260954/tools/bin/../lib/gcc/arm-none-eabi/10.3.1/../../../../arm-none-eabi/lib/thumb/v7e-m+fp/hard\libc_nano.a(lib_a-stdio.o)
 .ARM.attributes
                0x0000000000000727       0x34 c:/dani/magang/stm32cubeide_1.11.0/stm32cubeide/plugins/com.st.stm32cube.ide.mcu.externaltools.gnu-tools-for-stm32.10.3-2021.10.win32_1.0.100.202210260954/tools/bin/../lib/gcc/arm-none-eabi/10.3.1/../../../../arm-none-eabi/lib/thumb/v7e-m+fp/hard\libc_nano.a(lib_a-writer.o)
 .ARM.attributes
                0x000000000000075b       0x34 c:/dani/magang/stm32cubeide_1.11.0/stm32cubeide/plugins/com.st.stm32cube.ide.mcu.externaltools.gnu-tools-for-stm32.10.3-2021.10.win32_1.0.100.202210260954/tools/bin/../lib/gcc/arm-none-eabi/10.3.1/../../../../arm-none-eabi/lib/thumb/v7e-m+fp/hard\libc_nano.a(lib_a-closer.o)
 .ARM.attributes
                0x000000000000078f       0x34 c:/dani/magang/stm32cubeide_1.11.0/stm32cubeide/plugins/com.st.stm32cube.ide.mcu.externaltools.gnu-tools-for-stm32.10.3-2021.10.win32_1.0.100.202210260954/tools/bin/../lib/gcc/arm-none-eabi/10.3.1/../../../../arm-none-eabi/lib/thumb/v7e-m+fp/hard\libc_nano.a(lib_a-fstatr.o)
 .ARM.attributes
                0x00000000000007c3       0x34 c:/dani/magang/stm32cubeide_1.11.0/stm32cubeide/plugins/com.st.stm32cube.ide.mcu.externaltools.gnu-tools-for-stm32.10.3-2021.10.win32_1.0.100.202210260954/tools/bin/../lib/gcc/arm-none-eabi/10.3.1/../../../../arm-none-eabi/lib/thumb/v7e-m+fp/hard\libc_nano.a(lib_a-isattyr.o)
 .ARM.attributes
                0x00000000000007f7       0x34 c:/dani/magang/stm32cubeide_1.11.0/stm32cubeide/plugins/com.st.stm32cube.ide.mcu.externaltools.gnu-tools-for-stm32.10.3-2021.10.win32_1.0.100.202210260954/tools/bin/../lib/gcc/arm-none-eabi/10.3.1/../../../../arm-none-eabi/lib/thumb/v7e-m+fp/hard\libc_nano.a(lib_a-lseekr.o)
 .ARM.attributes
                0x000000000000082b       0x34 c:/dani/magang/stm32cubeide_1.11.0/stm32cubeide/plugins/com.st.stm32cube.ide.mcu.externaltools.gnu-tools-for-stm32.10.3-2021.10.win32_1.0.100.202210260954/tools/bin/../lib/gcc/arm-none-eabi/10.3.1/../../../../arm-none-eabi/lib/thumb/v7e-m+fp/hard\libc_nano.a(lib_a-mlock.o)
 .ARM.attributes
                0x000000000000085f       0x34 c:/dani/magang/stm32cubeide_1.11.0/stm32cubeide/plugins/com.st.stm32cube.ide.mcu.externaltools.gnu-tools-for-stm32.10.3-2021.10.win32_1.0.100.202210260954/tools/bin/../lib/gcc/arm-none-eabi/10.3.1/../../../../arm-none-eabi/lib/thumb/v7e-m+fp/hard\libc_nano.a(lib_a-readr.o)
 .ARM.attributes
                0x0000000000000893       0x34 c:/dani/magang/stm32cubeide_1.11.0/stm32cubeide/plugins/com.st.stm32cube.ide.mcu.externaltools.gnu-tools-for-stm32.10.3-2021.10.win32_1.0.100.202210260954/tools/bin/../lib/gcc/arm-none-eabi/10.3.1/../../../../arm-none-eabi/lib/thumb/v7e-m+fp/hard\libc_nano.a(lib_a-reent.o)
 .ARM.attributes
                0x00000000000008c7       0x1e c:/dani/magang/stm32cubeide_1.11.0/stm32cubeide/plugins/com.st.stm32cube.ide.mcu.externaltools.gnu-tools-for-stm32.10.3-2021.10.win32_1.0.100.202210260954/tools/bin/../lib/gcc/arm-none-eabi/10.3.1/thumb/v7e-m+fp/hard\libgcc.a(_aeabi_uldivmod.o)
 .ARM.attributes
                0x00000000000008e5       0x34 c:/dani/magang/stm32cubeide_1.11.0/stm32cubeide/plugins/com.st.stm32cube.ide.mcu.externaltools.gnu-tools-for-stm32.10.3-2021.10.win32_1.0.100.202210260954/tools/bin/../lib/gcc/arm-none-eabi/10.3.1/thumb/v7e-m+fp/hard\libgcc.a(_udivmoddi4.o)
 .ARM.attributes
                0x0000000000000919       0x1e c:/dani/magang/stm32cubeide_1.11.0/stm32cubeide/plugins/com.st.stm32cube.ide.mcu.externaltools.gnu-tools-for-stm32.10.3-2021.10.win32_1.0.100.202210260954/tools/bin/../lib/gcc/arm-none-eabi/10.3.1/thumb/v7e-m+fp/hard\libgcc.a(_dvmd_tls.o)
 .ARM.attributes
                0x0000000000000937       0x1e c:/dani/magang/stm32cubeide_1.11.0/stm32cubeide/plugins/com.st.stm32cube.ide.mcu.externaltools.gnu-tools-for-stm32.10.3-2021.10.win32_1.0.100.202210260954/tools/bin/../lib/gcc/arm-none-eabi/10.3.1/thumb/v7e-m+fp/hard/crtn.o
OUTPUT(Project_23_04_17.elf elf32-littlearm)
LOAD linker stubs
LOAD c:/dani/magang/stm32cubeide_1.11.0/stm32cubeide/plugins/com.st.stm32cube.ide.mcu.externaltools.gnu-tools-for-stm32.10.3-2021.10.win32_1.0.100.202210260954/tools/bin/../lib/gcc/arm-none-eabi/10.3.1/../../../../arm-none-eabi/lib/thumb/v7e-m+fp/hard\libc.a
LOAD c:/dani/magang/stm32cubeide_1.11.0/stm32cubeide/plugins/com.st.stm32cube.ide.mcu.externaltools.gnu-tools-for-stm32.10.3-2021.10.win32_1.0.100.202210260954/tools/bin/../lib/gcc/arm-none-eabi/10.3.1/../../../../arm-none-eabi/lib/thumb/v7e-m+fp/hard\libm.a
LOAD c:/dani/magang/stm32cubeide_1.11.0/stm32cubeide/plugins/com.st.stm32cube.ide.mcu.externaltools.gnu-tools-for-stm32.10.3-2021.10.win32_1.0.100.202210260954/tools/bin/../lib/gcc/arm-none-eabi/10.3.1/thumb/v7e-m+fp/hard\libgcc.a

.debug_info     0x0000000000000000     0xc7ba
 .debug_info    0x0000000000000000     0x1868 ./Core/Src/main.o
 .debug_info    0x0000000000001868      0xffb ./Core/Src/stm32f4xx_hal_msp.o
 .debug_info    0x0000000000002863      0x97b ./Core/Src/stm32f4xx_it.o
 .debug_info    0x00000000000031de      0x6e0 ./Core/Src/syscalls.o
 .debug_info    0x00000000000038be      0x171 ./Core/Src/sysmem.o
 .debug_info    0x0000000000003a2f      0x55b ./Core/Src/system_stm32f4xx.o
 .debug_info    0x0000000000003f8a      0x24b ./Core/Src/uart_prog.o
 .debug_info    0x00000000000041d5       0x22 ./Core/Startup/startup_stm32f446retx.o
 .debug_info    0x00000000000041f7      0x9d2 ./Drivers/STM32F4xx_HAL_Driver/Src/stm32f4xx_hal.o
 .debug_info    0x0000000000004bc9      0xe39 ./Drivers/STM32F4xx_HAL_Driver/Src/stm32f4xx_hal_cortex.o
 .debug_info    0x0000000000005a02      0x94f ./Drivers/STM32F4xx_HAL_Driver/Src/stm32f4xx_hal_dma.o
 .debug_info    0x0000000000006351      0x7be ./Drivers/STM32F4xx_HAL_Driver/Src/stm32f4xx_hal_gpio.o
 .debug_info    0x0000000000006b0f      0x9ab ./Drivers/STM32F4xx_HAL_Driver/Src/stm32f4xx_hal_rcc.o
 .debug_info    0x00000000000074ba      0x9ec ./Drivers/STM32F4xx_HAL_Driver/Src/stm32f4xx_hal_rcc_ex.o
 .debug_info    0x0000000000007ea6     0x1758 ./Drivers/STM32F4xx_HAL_Driver/Src/stm32f4xx_hal_spi.o
 .debug_info    0x00000000000095fe     0x31bc ./Drivers/STM32F4xx_HAL_Driver/Src/stm32f4xx_hal_uart.o

.debug_abbrev   0x0000000000000000     0x1e5f
 .debug_abbrev  0x0000000000000000      0x2f3 ./Core/Src/main.o
 .debug_abbrev  0x00000000000002f3      0x1f6 ./Core/Src/stm32f4xx_hal_msp.o
 .debug_abbrev  0x00000000000004e9      0x18c ./Core/Src/stm32f4xx_it.o
 .debug_abbrev  0x0000000000000675      0x1b3 ./Core/Src/syscalls.o
 .debug_abbrev  0x0000000000000828       0xbb ./Core/Src/sysmem.o
 .debug_abbrev  0x00000000000008e3      0x116 ./Core/Src/system_stm32f4xx.o
 .debug_abbrev  0x00000000000009f9      0x10b ./Core/Src/uart_prog.o
 .debug_abbrev  0x0000000000000b04       0x12 ./Core/Startup/startup_stm32f446retx.o
 .debug_abbrev  0x0000000000000b16      0x20d ./Drivers/STM32F4xx_HAL_Driver/Src/stm32f4xx_hal.o
 .debug_abbrev  0x0000000000000d23      0x316 ./Drivers/STM32F4xx_HAL_Driver/Src/stm32f4xx_hal_cortex.o
 .debug_abbrev  0x0000000000001039      0x25b ./Drivers/STM32F4xx_HAL_Driver/Src/stm32f4xx_hal_dma.o
 .debug_abbrev  0x0000000000001294      0x1c4 ./Drivers/STM32F4xx_HAL_Driver/Src/stm32f4xx_hal_gpio.o
 .debug_abbrev  0x0000000000001458      0x2aa ./Drivers/STM32F4xx_HAL_Driver/Src/stm32f4xx_hal_rcc.o
 .debug_abbrev  0x0000000000001702      0x1fb ./Drivers/STM32F4xx_HAL_Driver/Src/stm32f4xx_hal_rcc_ex.o
 .debug_abbrev  0x00000000000018fd      0x26e ./Drivers/STM32F4xx_HAL_Driver/Src/stm32f4xx_hal_spi.o
 .debug_abbrev  0x0000000000001b6b      0x2f4 ./Drivers/STM32F4xx_HAL_Driver/Src/stm32f4xx_hal_uart.o

.debug_aranges  0x0000000000000000      0xa60
 .debug_aranges
                0x0000000000000000       0xa8 ./Core/Src/main.o
 .debug_aranges
                0x00000000000000a8       0x40 ./Core/Src/stm32f4xx_hal_msp.o
 .debug_aranges
                0x00000000000000e8       0x80 ./Core/Src/stm32f4xx_it.o
 .debug_aranges
                0x0000000000000168       0xa8 ./Core/Src/syscalls.o
 .debug_aranges
                0x0000000000000210       0x20 ./Core/Src/sysmem.o
 .debug_aranges
                0x0000000000000230       0x28 ./Core/Src/system_stm32f4xx.o
 .debug_aranges
                0x0000000000000258       0x20 ./Core/Src/uart_prog.o
 .debug_aranges
                0x0000000000000278       0x28 ./Core/Startup/startup_stm32f446retx.o
 .debug_aranges
                0x00000000000002a0       0xf0 ./Drivers/STM32F4xx_HAL_Driver/Src/stm32f4xx_hal.o
 .debug_aranges
                0x0000000000000390      0x118 ./Drivers/STM32F4xx_HAL_Driver/Src/stm32f4xx_hal_cortex.o
 .debug_aranges
                0x00000000000004a8       0x90 ./Drivers/STM32F4xx_HAL_Driver/Src/stm32f4xx_hal_dma.o
 .debug_aranges
                0x0000000000000538       0x58 ./Drivers/STM32F4xx_HAL_Driver/Src/stm32f4xx_hal_gpio.o
 .debug_aranges
                0x0000000000000590       0x88 ./Drivers/STM32F4xx_HAL_Driver/Src/stm32f4xx_hal_rcc.o
 .debug_aranges
                0x0000000000000618       0x78 ./Drivers/STM32F4xx_HAL_Driver/Src/stm32f4xx_hal_rcc_ex.o
 .debug_aranges
                0x0000000000000690      0x1d0 ./Drivers/STM32F4xx_HAL_Driver/Src/stm32f4xx_hal_spi.o
 .debug_aranges
                0x0000000000000860      0x200 ./Drivers/STM32F4xx_HAL_Driver/Src/stm32f4xx_hal_uart.o

.debug_ranges   0x0000000000000000      0x9b8
 .debug_ranges  0x0000000000000000       0x98 ./Core/Src/main.o
 .debug_ranges  0x0000000000000098       0x30 ./Core/Src/stm32f4xx_hal_msp.o
 .debug_ranges  0x00000000000000c8       0x70 ./Core/Src/stm32f4xx_it.o
 .debug_ranges  0x0000000000000138       0x98 ./Core/Src/syscalls.o
 .debug_ranges  0x00000000000001d0       0x10 ./Core/Src/sysmem.o
 .debug_ranges  0x00000000000001e0       0x18 ./Core/Src/system_stm32f4xx.o
 .debug_ranges  0x00000000000001f8       0x30 ./Core/Src/uart_prog.o
 .debug_ranges  0x0000000000000228       0x20 ./Core/Startup/startup_stm32f446retx.o
 .debug_ranges  0x0000000000000248       0xe0 ./Drivers/STM32F4xx_HAL_Driver/Src/stm32f4xx_hal.o
 .debug_ranges  0x0000000000000328      0x108 ./Drivers/STM32F4xx_HAL_Driver/Src/stm32f4xx_hal_cortex.o
 .debug_ranges  0x0000000000000430       0x80 ./Drivers/STM32F4xx_HAL_Driver/Src/stm32f4xx_hal_dma.o
 .debug_ranges  0x00000000000004b0       0x48 ./Drivers/STM32F4xx_HAL_Driver/Src/stm32f4xx_hal_gpio.o
 .debug_ranges  0x00000000000004f8       0x78 ./Drivers/STM32F4xx_HAL_Driver/Src/stm32f4xx_hal_rcc.o
 .debug_ranges  0x0000000000000570       0x68 ./Drivers/STM32F4xx_HAL_Driver/Src/stm32f4xx_hal_rcc_ex.o
 .debug_ranges  0x00000000000005d8      0x1c0 ./Drivers/STM32F4xx_HAL_Driver/Src/stm32f4xx_hal_spi.o
 .debug_ranges  0x0000000000000798      0x220 ./Drivers/STM32F4xx_HAL_Driver/Src/stm32f4xx_hal_uart.o

.debug_macro    0x0000000000000000    0x22a23
 .debug_macro   0x0000000000000000      0x385 ./Core/Src/main.o
 .debug_macro   0x0000000000000385      0xa78 ./Core/Src/main.o
 .debug_macro   0x0000000000000dfd      0x29b ./Core/Src/main.o
 .debug_macro   0x0000000000001098       0x2e ./Core/Src/main.o
 .debug_macro   0x00000000000010c6       0x28 ./Core/Src/main.o
 .debug_macro   0x00000000000010ee       0x22 ./Core/Src/main.o
 .debug_macro   0x0000000000001110       0x8e ./Core/Src/main.o
 .debug_macro   0x000000000000119e       0x51 ./Core/Src/main.o
 .debug_macro   0x00000000000011ef      0x103 ./Core/Src/main.o
 .debug_macro   0x00000000000012f2       0x6a ./Core/Src/main.o
 .debug_macro   0x000000000000135c      0x1df ./Core/Src/main.o
 .debug_macro   0x000000000000153b       0x1c ./Core/Src/main.o
 .debug_macro   0x0000000000001557       0x22 ./Core/Src/main.o
 .debug_macro   0x0000000000001579       0xd9 ./Core/Src/main.o
 .debug_macro   0x0000000000001652     0x102d ./Core/Src/main.o
 .debug_macro   0x000000000000267f      0x11f ./Core/Src/main.o
 .debug_macro   0x000000000000279e    0x16749 ./Core/Src/main.o
 .debug_macro   0x0000000000018ee7       0x6d ./Core/Src/main.o
 .debug_macro   0x0000000000018f54     0x367e ./Core/Src/main.o
 .debug_macro   0x000000000001c5d2      0x174 ./Core/Src/main.o
 .debug_macro   0x000000000001c746       0x5c ./Core/Src/main.o
 .debug_macro   0x000000000001c7a2      0xc90 ./Core/Src/main.o
 .debug_macro   0x000000000001d432      0x9fe ./Core/Src/main.o
 .debug_macro   0x000000000001de30      0x115 ./Core/Src/main.o
 .debug_macro   0x000000000001df45      0x1a0 ./Core/Src/main.o
 .debug_macro   0x000000000001e0e5       0xa5 ./Core/Src/main.o
 .debug_macro   0x000000000001e18a      0x16d ./Core/Src/main.o
 .debug_macro   0x000000000001e2f7      0x287 ./Core/Src/main.o
 .debug_macro   0x000000000001e57e       0x5f ./Core/Src/main.o
 .debug_macro   0x000000000001e5dd      0x236 ./Core/Src/main.o
 .debug_macro   0x000000000001e813      0x132 ./Core/Src/main.o
 .debug_macro   0x000000000001e945      0x29c ./Core/Src/main.o
 .debug_macro   0x000000000001ebe1       0x2e ./Core/Src/main.o
 .debug_macro   0x000000000001ec0f      0x11a ./Core/Src/main.o
 .debug_macro   0x000000000001ed29       0xe8 ./Core/Src/main.o
 .debug_macro   0x000000000001ee11       0x89 ./Core/Src/main.o
 .debug_macro   0x000000000001ee9a      0x225 ./Core/Src/main.o
 .debug_macro   0x000000000001f0bf      0x295 ./Core/Src/main.o
 .debug_macro   0x000000000001f354      0x126 ./Core/Src/main.o
 .debug_macro   0x000000000001f47a      0x17a ./Core/Src/main.o
 .debug_macro   0x000000000001f5f4       0x52 ./Core/Src/main.o
 .debug_macro   0x000000000001f646       0x1e ./Core/Src/main.o
 .debug_macro   0x000000000001f664       0x3c ./Core/Src/main.o
 .debug_macro   0x000000000001f6a0       0x34 ./Core/Src/main.o
 .debug_macro   0x000000000001f6d4       0x16 ./Core/Src/main.o
 .debug_macro   0x000000000001f6ea       0x35 ./Core/Src/main.o
 .debug_macro   0x000000000001f71f      0x341 ./Core/Src/main.o
 .debug_macro   0x000000000001fa60       0x10 ./Core/Src/main.o
 .debug_macro   0x000000000001fa70       0x16 ./Core/Src/main.o
 .debug_macro   0x000000000001fa86       0x43 ./Core/Src/main.o
 .debug_macro   0x000000000001fac9       0x34 ./Core/Src/main.o
 .debug_macro   0x000000000001fafd       0x10 ./Core/Src/main.o
 .debug_macro   0x000000000001fb0d       0x58 ./Core/Src/main.o
 .debug_macro   0x000000000001fb65       0x71 ./Core/Src/main.o
 .debug_macro   0x000000000001fbd6       0x1c ./Core/Src/main.o
 .debug_macro   0x000000000001fbf2      0x12a ./Core/Src/main.o
 .debug_macro   0x000000000001fd1c       0x10 ./Core/Src/main.o
 .debug_macro   0x000000000001fd2c       0x1c ./Core/Src/main.o
 .debug_macro   0x000000000001fd48       0x52 ./Core/Src/main.o
 .debug_macro   0x000000000001fd9a       0x22 ./Core/Src/main.o
 .debug_macro   0x000000000001fdbc       0x10 ./Core/Src/main.o
 .debug_macro   0x000000000001fdcc       0x52 ./Core/Src/main.o
 .debug_macro   0x000000000001fe1e       0xd5 ./Core/Src/main.o
 .debug_macro   0x000000000001fef3       0x1c ./Core/Src/main.o
 .debug_macro   0x000000000001ff0f       0x3d ./Core/Src/main.o
 .debug_macro   0x000000000001ff4c       0x16 ./Core/Src/main.o
 .debug_macro   0x000000000001ff62      0x145 ./Core/Src/main.o
 .debug_macro   0x00000000000200a7       0x16 ./Core/Src/main.o
 .debug_macro   0x00000000000200bd       0x20 ./Core/Src/main.o
 .debug_macro   0x00000000000200dd       0xdc ./Core/Src/main.o
 .debug_macro   0x00000000000201b9      0x36b ./Core/Src/stm32f4xx_hal_msp.o
 .debug_macro   0x0000000000020524      0x375 ./Core/Src/stm32f4xx_it.o
 .debug_macro   0x0000000000020899      0x24c ./Core/Src/syscalls.o
 .debug_macro   0x0000000000020ae5       0x4c ./Core/Src/syscalls.o
 .debug_macro   0x0000000000020b31       0x94 ./Core/Src/syscalls.o
 .debug_macro   0x0000000000020bc5       0x57 ./Core/Src/syscalls.o
 .debug_macro   0x0000000000020c1c       0x10 ./Core/Src/syscalls.o
 .debug_macro   0x0000000000020c2c       0x10 ./Core/Src/syscalls.o
 .debug_macro   0x0000000000020c3c       0x10 ./Core/Src/syscalls.o
 .debug_macro   0x0000000000020c4c       0x35 ./Core/Src/syscalls.o
 .debug_macro   0x0000000000020c81      0x12c ./Core/Src/syscalls.o
 .debug_macro   0x0000000000020dad       0x16 ./Core/Src/syscalls.o
 .debug_macro   0x0000000000020dc3       0x16 ./Core/Src/syscalls.o
 .debug_macro   0x0000000000020dd9       0x29 ./Core/Src/syscalls.o
 .debug_macro   0x0000000000020e02       0x10 ./Core/Src/syscalls.o
 .debug_macro   0x0000000000020e12      0x241 ./Core/Src/syscalls.o
 .debug_macro   0x0000000000021053       0x1c ./Core/Src/syscalls.o
 .debug_macro   0x000000000002106f       0x10 ./Core/Src/syscalls.o
 .debug_macro   0x000000000002107f      0x189 ./Core/Src/syscalls.o
 .debug_macro   0x0000000000021208       0x16 ./Core/Src/syscalls.o
 .debug_macro   0x000000000002121e       0xce ./Core/Src/syscalls.o
 .debug_macro   0x00000000000212ec       0xff ./Core/Src/sysmem.o
 .debug_macro   0x00000000000213eb      0x23b ./Core/Src/sysmem.o
 .debug_macro   0x0000000000021626      0x1c4 ./Core/Src/system_stm32f4xx.o
 .debug_macro   0x00000000000217ea      0x379 ./Core/Src/uart_prog.o
 .debug_macro   0x0000000000021b63      0x224 ./Drivers/STM32F4xx_HAL_Driver/Src/stm32f4xx_hal.o
 .debug_macro   0x0000000000021d87      0x1c4 ./Drivers/STM32F4xx_HAL_Driver/Src/stm32f4xx_hal_cortex.o
 .debug_macro   0x0000000000021f4b      0x1ca ./Drivers/STM32F4xx_HAL_Driver/Src/stm32f4xx_hal_dma.o
 .debug_macro   0x0000000000022115      0x1ca ./Drivers/STM32F4xx_HAL_Driver/Src/stm32f4xx_hal_gpio.o
 .debug_macro   0x00000000000222df      0x1e8 ./Drivers/STM32F4xx_HAL_Driver/Src/stm32f4xx_hal_rcc.o
 .debug_macro   0x00000000000224c7      0x1c4 ./Drivers/STM32F4xx_HAL_Driver/Src/stm32f4xx_hal_rcc_ex.o
 .debug_macro   0x000000000002268b      0x1d3 ./Drivers/STM32F4xx_HAL_Driver/Src/stm32f4xx_hal_spi.o
 .debug_macro   0x000000000002285e      0x1c5 ./Drivers/STM32F4xx_HAL_Driver/Src/stm32f4xx_hal_uart.o

.debug_line     0x0000000000000000     0xda0f
 .debug_line    0x0000000000000000      0xe67 ./Core/Src/main.o
 .debug_line    0x0000000000000e67      0x9ed ./Core/Src/stm32f4xx_hal_msp.o
 .debug_line    0x0000000000001854      0xa1c ./Core/Src/stm32f4xx_it.o
 .debug_line    0x0000000000002270      0x82b ./Core/Src/syscalls.o
 .debug_line    0x0000000000002a9b      0x521 ./Core/Src/sysmem.o
 .debug_line    0x0000000000002fbc      0x74f ./Core/Src/system_stm32f4xx.o
 .debug_line    0x000000000000370b      0xa97 ./Core/Src/uart_prog.o
 .debug_line    0x00000000000041a2       0x88 ./Core/Startup/startup_stm32f446retx.o
 .debug_line    0x000000000000422a      0x9b5 ./Drivers/STM32F4xx_HAL_Driver/Src/stm32f4xx_hal.o
 .debug_line    0x0000000000004bdf      0xc64 ./Drivers/STM32F4xx_HAL_Driver/Src/stm32f4xx_hal_cortex.o
 .debug_line    0x0000000000005843      0xf19 ./Drivers/STM32F4xx_HAL_Driver/Src/stm32f4xx_hal_dma.o
 .debug_line    0x000000000000675c      0xb15 ./Drivers/STM32F4xx_HAL_Driver/Src/stm32f4xx_hal_gpio.o
 .debug_line    0x0000000000007271      0xd3d ./Drivers/STM32F4xx_HAL_Driver/Src/stm32f4xx_hal_rcc.o
 .debug_line    0x0000000000007fae     0x13c8 ./Drivers/STM32F4xx_HAL_Driver/Src/stm32f4xx_hal_rcc_ex.o
 .debug_line    0x0000000000009376     0x1c3f ./Drivers/STM32F4xx_HAL_Driver/Src/stm32f4xx_hal_spi.o
 .debug_line    0x000000000000afb5     0x2a5a ./Drivers/STM32F4xx_HAL_Driver/Src/stm32f4xx_hal_uart.o

.debug_str      0x0000000000000000    0xcc493
 .debug_str     0x0000000000000000    0xc8cfc ./Core/Src/main.o
                                      0xc9085 (size before relaxing)
 .debug_str     0x00000000000c8cfc       0xcf ./Core/Src/stm32f4xx_hal_msp.o
                                      0xc8c66 (size before relaxing)
 .debug_str     0x00000000000c8dcb      0x16b ./Core/Src/stm32f4xx_it.o
                                      0xc85bf (size before relaxing)
 .debug_str     0x00000000000c8f36     0x1740 ./Core/Src/syscalls.o
                                       0x8a5e (size before relaxing)
 .debug_str     0x00000000000ca676       0x6b ./Core/Src/sysmem.o
                                       0x5d9a (size before relaxing)
 .debug_str     0x00000000000ca6e1       0xdb ./Core/Src/system_stm32f4xx.o
                                      0xc35ab (size before relaxing)
 .debug_str     0x00000000000ca7bc       0x35 ./Core/Src/uart_prog.o
                                      0xc7f2e (size before relaxing)
 .debug_str     0x00000000000ca7f1       0x36 ./Core/Startup/startup_stm32f446retx.o
                                         0x5c (size before relaxing)
 .debug_str     0x00000000000ca827      0x5e1 ./Drivers/STM32F4xx_HAL_Driver/Src/stm32f4xx_hal.o
                                      0xc4170 (size before relaxing)
 .debug_str     0x00000000000cae08      0x323 ./Drivers/STM32F4xx_HAL_Driver/Src/stm32f4xx_hal_cortex.o
                                      0xc3e7e (size before relaxing)
 .debug_str     0x00000000000cb12b      0x2eb ./Drivers/STM32F4xx_HAL_Driver/Src/stm32f4xx_hal_dma.o
                                      0xc39a0 (size before relaxing)
 .debug_str     0x00000000000cb416       0xd0 ./Drivers/STM32F4xx_HAL_Driver/Src/stm32f4xx_hal_gpio.o
                                      0xc3726 (size before relaxing)
 .debug_str     0x00000000000cb4e6      0x233 ./Drivers/STM32F4xx_HAL_Driver/Src/stm32f4xx_hal_rcc.o
                                      0xc39e4 (size before relaxing)
 .debug_str     0x00000000000cb719      0x324 ./Drivers/STM32F4xx_HAL_Driver/Src/stm32f4xx_hal_rcc_ex.o
                                      0xc3a17 (size before relaxing)
 .debug_str     0x00000000000cba3d      0x4c0 ./Drivers/STM32F4xx_HAL_Driver/Src/stm32f4xx_hal_spi.o
                                      0xc3e4a (size before relaxing)
 .debug_str     0x00000000000cbefd      0x596 ./Drivers/STM32F4xx_HAL_Driver/Src/stm32f4xx_hal_uart.o
                                      0xc3f59 (size before relaxing)

.comment        0x0000000000000000       0x50