../Core/Src/main.c:32:1:__io_putchar	16	static
../Core/Src/main.c:67:5:main	144	static
../Core/Src/main.c:368:6:SystemClock_Config	88	static
../Core/Src/main.c:409:13:MX_SPI2_Init	8	static
../Core/Src/main.c:439:13:MX_USART2_UART_Init	8	static
../Core/Src/main.c:461:13:MX_DMA_Init	16	static
../Core/Src/main.c:473:13:MX_GPIO_Init	48	static
../Core/Src/main.c:504:6:HAL_GPIO_EXTI_Callback	16	static
../Core/Src/main.c:512:6:HAL_SPI_TxRxCpltCallback	16	static
../Core/Src/main.c:517:6:HAL_SPI_TxCpltCallback	16	static
../Core/Src/main.c:523:6:HAL_SPI_RxCpltCallback	16	static
../Core/Src/main.c:530:6:HAL_SPI_ErrorCallback	16	static
../Core/Src/main.c:546:10:Buffercmp_Byte	104	static
../Core/Src/main.c:565:6:Set_aTxBuffer	32	static
../Core/Src/main.c:574:6:uartProcessing	16	static
../Core/Src/main.c:582:13:vUAFE_uart_handle	24	static
../Core/Src/main.c:632:6:HAL_UARTEx_RxEventCallback	16	static
../Core/Src/main.c:647:6:Error_Handler	8	static,ignoring_inline_asm
