../Core/Src/main.c:27:1:__io_putchar	16	static
../Core/Src/main.c:60:5:main	152	static
../Core/Src/main.c:268:6:SystemClock_Config	88	static
../Core/Src/main.c:309:13:MX_SPI2_Init	8	static
../Core/Src/main.c:339:13:MX_USART2_UART_Init	8	static
../Core/Src/main.c:361:13:MX_DMA_Init	16	static
../Core/Src/main.c:373:13:MX_GPIO_Init	48	static
../Core/Src/main.c:404:6:HAL_GPIO_EXTI_Callback	16	static
../Core/Src/main.c:413:6:HAL_SPI_TxRxCpltCallback	16	static
../Core/Src/main.c:418:6:HAL_SPI_TxCpltCallback	16	static
../Core/Src/main.c:424:6:HAL_SPI_RxCpltCallback	16	static
../Core/Src/main.c:434:6:HAL_SPI_ErrorCallback	16	static
../Core/Src/main.c:450:10:Buffercmp_Byte	104	static
../Core/Src/main.c:470:6:uartProcessing	16	static
../Core/Src/main.c:482:13:vUAFE_uart_handle	24	static
../Core/Src/main.c:531:6:HAL_UARTEx_RxEventCallback	16	static
../Core/Src/main.c:546:6:Error_Handler	8	static,ignoring_inline_asm
