../Core/Src/stm32f4xx_it.c:18:6:NMI_Handler	4	static
../Core/Src/stm32f4xx_it.c:28:6:HardFault_Handler	4	static
../Core/Src/stm32f4xx_it.c:38:6:MemManage_Handler	4	static
../Core/Src/stm32f4xx_it.c:48:6:BusFault_Handler	4	static
../Core/Src/stm32f4xx_it.c:58:6:UsageFault_Handler	4	static
../Core/Src/stm32f4xx_it.c:68:6:SVC_Handler	4	static
../Core/Src/stm32f4xx_it.c:75:6:DebugMon_Handler	4	static
../Core/Src/stm32f4xx_it.c:82:6:PendSV_Handler	4	static
../Core/Src/stm32f4xx_it.c:89:6:SysTick_Handler	8	static
../Core/Src/stm32f4xx_it.c:104:6:SPI2_IRQHandler	8	static
../Core/Src/stm32f4xx_it.c:112:6:DMA1_Stream5_IRQHandler	8	static
../Core/Src/stm32f4xx_it.c:121:6:USART2_IRQHandler	8	static
../Core/Src/stm32f4xx_it.c:133:6:EXTI15_10_IRQHandler	8	static
