../Core/Src/main.c:32:1:__io_putchar	16	static
../Core/Src/main.c:60:5:main	72	static
../Core/Src/main.c:225:6:HAL_I2C_MasterTxCpltCallback	16	static
../Core/Src/main.c:244:6:HAL_I2C_MasterRxCpltCallback	16	static
../Core/Src/main.c:258:6:HAL_I2C_ErrorCallback	16	static
../Core/Src/main.c:273:17:Buffercmp	24	static
../Core/Src/main.c:288:6:SystemClock_Config	88	static
../Core/Src/main.c:327:13:MX_USART2_UART_Init	8	static
../Core/Src/main.c:349:13:MX_DMA_Init	16	static
../Core/Src/main.c:357:13:MX_GPIO_Init	48	static
../Core/Src/main.c:397:6:tinysh_dec	24	static
../Core/Src/main.c:429:13:vShell_cmdParse	64	static
../Core/Src/main.c:480:6:uartProcessing	16	static
../Core/Src/main.c:490:13:vUAFE_uart_handle	24	static
../Core/Src/main.c:539:6:HAL_UARTEx_RxEventCallback	16	static
../Core/Src/main.c:555:6:HAL_GPIO_EXTI_Callback	16	static
../Core/Src/main.c:567:6:Error_Handler	8	static,ignoring_inline_asm
