../Core/Src/main.c:42:5:main	8	static
../Core/Src/main.c:89:6:SystemClock_Config	88	static
../Core/Src/main.c:139:13:MX_USART2_UART_Init	8	static
../Core/Src/main.c:167:13:MX_DMA_Init	16	static
../Core/Src/main.c:186:6:StartReception	8	static
../Core/Src/main.c:211:6:UserDataTreatment	32	static
../Core/Src/main.c:245:6:HAL_UARTEx_RxEventCallback	24	static
../Core/Src/main.c:311:6:toInt	40	static
../Core/Src/main.c:324:6:tostring	32	static
../Core/Src/main.c:348:6:Error_Handler	4	static
../Core/Src/main.c:360:6:uartProcessing	16	static
